Archive member included because of file (symbol)

c:/users/user/.platformio/packages/toolchain-gccarmnoneeabi@1.40804.0/bin/../lib/gcc/arm-none-eabi/4.8.4/../../../../arm-none-eabi/lib/armv7e-m\libc.a(lib_a-atoi.o)
                              .pio/build/lptm4c1294ncpdt/src/NeonRTOS/HTTPd/HTTPd.o (atoi)
c:/users/user/.platformio/packages/toolchain-gccarmnoneeabi@1.40804.0/bin/../lib/gcc/arm-none-eabi/4.8.4/../../../../arm-none-eabi/lib/armv7e-m\libc.a(lib_a-ctype_.o)
                              .pio/build/lptm4c1294ncpdt/src/Drivers/W-Link/cJSON/cJSON.o (__ctype_ptr__)
c:/users/user/.platformio/packages/toolchain-gccarmnoneeabi@1.40804.0/bin/../lib/gcc/arm-none-eabi/4.8.4/../../../../arm-none-eabi/lib/armv7e-m\libc.a(lib_a-isspace.o)
                              .pio/build/lptm4c1294ncpdt/src/Drivers/W-Link/Misc/Base64.o (isspace)
c:/users/user/.platformio/packages/toolchain-gccarmnoneeabi@1.40804.0/bin/../lib/gcc/arm-none-eabi/4.8.4/../../../../arm-none-eabi/lib/armv7e-m\libc.a(lib_a-memcmp.o)
                              .pio/build/lptm4c1294ncpdt/src/NeonRTOS/NeonAppInterface.o (memcmp)
c:/users/user/.platformio/packages/toolchain-gccarmnoneeabi@1.40804.0/bin/../lib/gcc/arm-none-eabi/4.8.4/../../../../arm-none-eabi/lib/armv7e-m\libc.a(lib_a-memcpy.o)
                              .pio/build/lptm4c1294ncpdt/src/Drivers/W-Link/Misc/sha1.o (memcpy)
c:/users/user/.platformio/packages/toolchain-gccarmnoneeabi@1.40804.0/bin/../lib/gcc/arm-none-eabi/4.8.4/../../../../arm-none-eabi/lib/armv7e-m\libc.a(lib_a-memmove.o)
                              .pio/build/lptm4c1294ncpdt/src/NeonRTOS/lwip/core/def.o (memmove)
c:/users/user/.platformio/packages/toolchain-gccarmnoneeabi@1.40804.0/bin/../lib/gcc/arm-none-eabi/4.8.4/../../../../arm-none-eabi/lib/armv7e-m\libc.a(lib_a-memset.o)
                              .pio/build/lptm4c1294ncpdt/src/APP/LED_PWM_API.o (memset)
c:/users/user/.platformio/packages/toolchain-gccarmnoneeabi@1.40804.0/bin/../lib/gcc/arm-none-eabi/4.8.4/../../../../arm-none-eabi/lib/armv7e-m\libc.a(lib_a-rand.o)
                              .pio/build/lptm4c1294ncpdt/src/NeonRTOS/lwip/core/dns.o (rand)
c:/users/user/.platformio/packages/toolchain-gccarmnoneeabi@1.40804.0/bin/../lib/gcc/arm-none-eabi/4.8.4/../../../../arm-none-eabi/lib/armv7e-m\libc.a(lib_a-reent.o)
                              .pio/build/lptm4c1294ncpdt/src/NeonRTOS/lwip/api/if_api.o (errno)
c:/users/user/.platformio/packages/toolchain-gccarmnoneeabi@1.40804.0/bin/../lib/gcc/arm-none-eabi/4.8.4/../../../../arm-none-eabi/lib/armv7e-m\libc.a(lib_a-s_fpclassify.o)
                              .pio/build/lptm4c1294ncpdt/src/Drivers/W-Link/cJSON/cJSON.o (__fpclassifyd)
c:/users/user/.platformio/packages/toolchain-gccarmnoneeabi@1.40804.0/bin/../lib/gcc/arm-none-eabi/4.8.4/../../../../arm-none-eabi/lib/armv7e-m\libc.a(lib_a-snprintf.o)
                              .pio/build/lptm4c1294ncpdt/src/NeonRTOS/NeonTCPIP.o (snprintf)
c:/users/user/.platformio/packages/toolchain-gccarmnoneeabi@1.40804.0/bin/../lib/gcc/arm-none-eabi/4.8.4/../../../../arm-none-eabi/lib/armv7e-m\libc.a(lib_a-sprintf.o)
                              .pio/build/lptm4c1294ncpdt/src/Drivers/W-Link/Misc/ftoa.o (sprintf)
c:/users/user/.platformio/packages/toolchain-gccarmnoneeabi@1.40804.0/bin/../lib/gcc/arm-none-eabi/4.8.4/../../../../arm-none-eabi/lib/armv7e-m\libc.a(lib_a-strcat.o)
                              .pio/build/lptm4c1294ncpdt/src/NeonRTOS/HTTPd/HTTPd.o (strcat)
c:/users/user/.platformio/packages/toolchain-gccarmnoneeabi@1.40804.0/bin/../lib/gcc/arm-none-eabi/4.8.4/../../../../arm-none-eabi/lib/armv7e-m\libc.a(lib_a-strchr.o)
                              .pio/build/lptm4c1294ncpdt/src/Drivers/W-Link/cJSON/cJSON.o (strchr)
c:/users/user/.platformio/packages/toolchain-gccarmnoneeabi@1.40804.0/bin/../lib/gcc/arm-none-eabi/4.8.4/../../../../arm-none-eabi/lib/armv7e-m\libc.a(lib_a-strcmp.o)
                              .pio/build/lptm4c1294ncpdt/src/APP/LED_PWM_APP.o (strcmp)
c:/users/user/.platformio/packages/toolchain-gccarmnoneeabi@1.40804.0/bin/../lib/gcc/arm-none-eabi/4.8.4/../../../../arm-none-eabi/lib/armv7e-m\libc.a(lib_a-strcpy.o)
                              .pio/build/lptm4c1294ncpdt/src/Drivers/W-Link/cJSON/cJSON.o (strcpy)
c:/users/user/.platformio/packages/toolchain-gccarmnoneeabi@1.40804.0/bin/../lib/gcc/arm-none-eabi/4.8.4/../../../../arm-none-eabi/lib/armv7e-m\libc.a(lib_a-strlen.o)
                              .pio/build/lptm4c1294ncpdt/src/Drivers/W-Link/cJSON/cJSON.o (strlen)
c:/users/user/.platformio/packages/toolchain-gccarmnoneeabi@1.40804.0/bin/../lib/gcc/arm-none-eabi/4.8.4/../../../../arm-none-eabi/lib/armv7e-m\libc.a(lib_a-strncmp.o)
                              .pio/build/lptm4c1294ncpdt/src/Drivers/W-Link/cJSON/cJSON.o (strncmp)
c:/users/user/.platformio/packages/toolchain-gccarmnoneeabi@1.40804.0/bin/../lib/gcc/arm-none-eabi/4.8.4/../../../../arm-none-eabi/lib/armv7e-m\libc.a(lib_a-strncpy.o)
[...]
Memory Configuration

Name             Origin             Length             Attributes
FLASH            0x00000000         0x00100000         xr
SRAM             0x20000000         0x00040000         xrw
*default*        0x00000000         0xffffffff

Linker script and memory map

LOAD .pio/build/lptm4c1294ncpdt/src/APP/LED_PWM_API.o
LOAD .pio/build/lptm4c1294ncpdt/src/APP/LED_PWM_APP.o
LOAD .pio/build/lptm4c1294ncpdt/src/Drivers/W-Link/Driver/GPIO/GPIO_TM4C1294.o
LOAD .pio/build/lptm4c1294ncpdt/src/Drivers/W-Link/Driver/GPIO/Pin/GPIO_Pin_TM4C1294.o
LOAD .pio/build/lptm4c1294ncpdt/src/Drivers/W-Link/Driver/PWM/PWM_TM4C1294.o
LOAD .pio/build/lptm4c1294ncpdt/src/Drivers/W-Link/Driver/SysCtrl/SysCtrl_TM4C1294.o
LOAD .pio/build/lptm4c1294ncpdt/src/Drivers/W-Link/Driver/UART/UART_TM4C1294.o
LOAD .pio/build/lptm4c1294ncpdt/src/Drivers/W-Link/Misc/Base64.o
LOAD .pio/build/lptm4c1294ncpdt/src/Drivers/W-Link/Misc/atoh.o
LOAD .pio/build/lptm4c1294ncpdt/src/Drivers/W-Link/Misc/ftoa.o
LOAD .pio/build/lptm4c1294ncpdt/src/Drivers/W-Link/Misc/htoa.o
LOAD .pio/build/lptm4c1294ncpdt/src/Drivers/W-Link/Misc/itoa.o
LOAD .pio/build/lptm4c1294ncpdt/src/Drivers/W-Link/Misc/sha1.o
LOAD .pio/build/lptm4c1294ncpdt/src/Drivers/W-Link/cJSON/cJSON.o
LOAD .pio/build/lptm4c1294ncpdt/src/Drivers/ethernetif/ethernetif_tm4c1294.o
LOAD .pio/build/lptm4c1294ncpdt/src/Drivers/soc/driverlib/adc.o
LOAD .pio/build/lptm4c1294ncpdt/src/Drivers/soc/driverlib/aes.o
LOAD .pio/build/lptm4c1294ncpdt/src/Drivers/soc/driverlib/can.o
LOAD .pio/build/lptm4c1294ncpdt/src/Drivers/soc/driverlib/comp.o
LOAD .pio/build/lptm4c1294ncpdt/src/Drivers/soc/driverlib/cpu.o
LOAD .pio/build/lptm4c1294ncpdt/src/Drivers/soc/driverlib/crc.o
LOAD .pio/build/lptm4c1294ncpdt/src/Drivers/soc/driverlib/des.o
LOAD .pio/build/lptm4c1294ncpdt/src/Drivers/soc/driverlib/eeprom.o
LOAD .pio/build/lptm4c1294ncpdt/src/Drivers/soc/driverlib/emac.o
LOAD .pio/build/lptm4c1294ncpdt/src/Drivers/soc/driverlib/epi.o
LOAD .pio/build/lptm4c1294ncpdt/src/Drivers/soc/driverlib/flash.o
LOAD .pio/build/lptm4c1294ncpdt/src/Drivers/soc/driverlib/fpu.o
LOAD .pio/build/lptm4c1294ncpdt/src/Drivers/soc/driverlib/gpio.o
LOAD .pio/build/lptm4c1294ncpdt/src/Drivers/soc/driverlib/hibernate.o
LOAD .pio/build/lptm4c1294ncpdt/src/Drivers/soc/driverlib/i2c.o
LOAD .pio/build/lptm4c1294ncpdt/src/Drivers/soc/driverlib/interrupt.o
LOAD .pio/build/lptm4c1294ncpdt/src/Drivers/soc/driverlib/lcd.o
LOAD .pio/build/lptm4c1294ncpdt/src/Drivers/soc/driverlib/mpu.o
LOAD .pio/build/lptm4c1294ncpdt/src/Drivers/soc/driverlib/onewire.o
LOAD .pio/build/lptm4c1294ncpdt/src/Drivers/soc/driverlib/pwm.o
LOAD .pio/build/lptm4c1294ncpdt/src/Drivers/soc/driverlib/qei.o
LOAD .pio/build/lptm4c1294ncpdt/src/Drivers/soc/driverlib/shamd5.o
LOAD .pio/build/lptm4c1294ncpdt/src/Drivers/soc/driverlib/ssi.o
LOAD .pio/build/lptm4c1294ncpdt/src/Drivers/soc/driverlib/sw_crc.o
LOAD .pio/build/lptm4c1294ncpdt/src/Drivers/soc/driverlib/sysctl.o
LOAD .pio/build/lptm4c1294ncpdt/src/Drivers/soc/driverlib/sysexc.o
LOAD .pio/build/lptm4c1294ncpdt/src/Drivers/soc/driverlib/systick.o
LOAD .pio/build/lptm4c1294ncpdt/src/Drivers/soc/driverlib/timer.o
LOAD .pio/build/lptm4c1294ncpdt/src/Drivers/soc/driverlib/uart.o
LOAD .pio/build/lptm4c1294ncpdt/src/Drivers/soc/driverlib/udma.o
LOAD .pio/build/lptm4c1294ncpdt/src/Drivers/soc/driverlib/usb.o
LOAD .pio/build/lptm4c1294ncpdt/src/Drivers/soc/driverlib/watchdog.o
LOAD .pio/build/lptm4c1294ncpdt/src/Drivers/soc/startup_gcc.o
LOAD .pio/build/lptm4c1294ncpdt/src/NeonRTOS/HTTPd/HTTPd.o
LOAD .pio/build/lptm4c1294ncpdt/src/NeonRTOS/HTTPd/HTTPd_Utils.o
LOAD .pio/build/lptm4c1294ncpdt/src/NeonRTOS/HTTPd/HTTPd_def.o
LOAD .pio/build/lptm4c1294ncpdt/src/NeonRTOS/HTTPd/NeonRtFs.o
LOAD .pio/build/lptm4c1294ncpdt/src/NeonRTOS/HTTPd/heatshrink_decoder.o
LOAD .pio/build/lptm4c1294ncpdt/src/NeonRTOS/HTTPd/neonrtfs_img.o
LOAD .pio/build/lptm4c1294ncpdt/src/NeonRTOS/NeonAppInterface.o
LOAD .pio/build/lptm4c1294ncpdt/src/NeonRTOS/NeonRTOS.o
LOAD .pio/build/lptm4c1294ncpdt/src/NeonRTOS/NeonTCPIP.o
LOAD .pio/build/lptm4c1294ncpdt/src/NeonRTOS/kernel/croutine.o
LOAD .pio/build/lptm4c1294ncpdt/src/NeonRTOS/kernel/event_groups.o
LOAD .pio/build/lptm4c1294ncpdt/src/NeonRTOS/kernel/list.o
LOAD .pio/build/lptm4c1294ncpdt/src/NeonRTOS/kernel/portable/GCC/ARM_CM4F/port.o
LOAD .pio/build/lptm4c1294ncpdt/src/NeonRTOS/kernel/portable/MemMang/heap_4.o
LOAD .pio/build/lptm4c1294ncpdt/src/NeonRTOS/kernel/queue.o
LOAD .pio/build/lptm4c1294ncpdt/src/NeonRTOS/kernel/stream_buffer.o
LOAD .pio/build/lptm4c1294ncpdt/src/NeonRTOS/kernel/tasks.o
LOAD .pio/build/lptm4c1294ncpdt/src/NeonRTOS/kernel/timers.o
LOAD .pio/build/lptm4c1294ncpdt/src/NeonRTOS/lwip/api/api_lib.o
LOAD .pio/build/lptm4c1294ncpdt/src/NeonRTOS/lwip/api/api_msg.o
LOAD .pio/build/lptm4c1294ncpdt/src/NeonRTOS/lwip/api/err.o
LOAD .pio/build/lptm4c1294ncpdt/src/NeonRTOS/lwip/api/if_api.o
LOAD .pio/build/lptm4c1294ncpdt/src/NeonRTOS/lwip/api/netbuf.o
LOAD .pio/build/lptm4c1294ncpdt/src/NeonRTOS/lwip/api/netdb.o
LOAD .pio/build/lptm4c1294ncpdt/src/NeonRTOS/lwip/api/netifapi.o
LOAD .pio/build/lptm4c1294ncpdt/src/NeonRTOS/lwip/api/sockets.o
LOAD .pio/build/lptm4c1294ncpdt/src/NeonRTOS/lwip/api/tcpip.o
LOAD .pio/build/lptm4c1294ncpdt/src/NeonRTOS/lwip/arch/sys_arch.o
LOAD .pio/build/lptm4c1294ncpdt/src/NeonRTOS/lwip/core/altcp.o
LOAD .pio/build/lptm4c1294ncpdt/src/NeonRTOS/lwip/core/altcp_alloc.o
LOAD .pio/build/lptm4c1294ncpdt/src/NeonRTOS/lwip/core/altcp_tcp.o
LOAD .pio/build/lptm4c1294ncpdt/src/NeonRTOS/lwip/core/def.o
LOAD .pio/build/lptm4c1294ncpdt/src/NeonRTOS/lwip/core/dns.o
LOAD .pio/build/lptm4c1294ncpdt/src/NeonRTOS/lwip/core/inet_chksum.o
LOAD .pio/build/lptm4c1294ncpdt/src/NeonRTOS/lwip/core/init.o
LOAD .pio/build/lptm4c1294ncpdt/src/NeonRTOS/lwip/core/ip.o
LOAD .pio/build/lptm4c1294ncpdt/src/NeonRTOS/lwip/core/ipv4/acd.o
LOAD .pio/build/lptm4c1294ncpdt/src/NeonRTOS/lwip/core/ipv4/autoip.o
LOAD .pio/build/lptm4c1294ncpdt/src/NeonRTOS/lwip/core/ipv4/dhcp.o
LOAD .pio/build/lptm4c1294ncpdt/src/NeonRTOS/lwip/core/ipv4/etharp.o
LOAD .pio/build/lptm4c1294ncpdt/src/NeonRTOS/lwip/core/ipv4/icmp.o
LOAD .pio/build/lptm4c1294ncpdt/src/NeonRTOS/lwip/core/ipv4/igmp.o
LOAD .pio/build/lptm4c1294ncpdt/src/NeonRTOS/lwip/core/ipv4/ip4.o
LOAD .pio/build/lptm4c1294ncpdt/src/NeonRTOS/lwip/core/ipv4/ip4_addr.o
LOAD .pio/build/lptm4c1294ncpdt/src/NeonRTOS/lwip/core/ipv4/ip4_frag.o
LOAD .pio/build/lptm4c1294ncpdt/src/NeonRTOS/lwip/core/ipv6/dhcp6.o
LOAD .pio/build/lptm4c1294ncpdt/src/NeonRTOS/lwip/core/ipv6/ethip6.o
LOAD .pio/build/lptm4c1294ncpdt/src/NeonRTOS/lwip/core/ipv6/icmp6.o
LOAD .pio/build/lptm4c1294ncpdt/src/NeonRTOS/lwip/core/ipv6/inet6.o
LOAD .pio/build/lptm4c1294ncpdt/src/NeonRTOS/lwip/core/ipv6/ip6.o
LOAD .pio/build/lptm4c1294ncpdt/src/NeonRTOS/lwip/core/ipv6/ip6_addr.o
LOAD .pio/build/lptm4c1294ncpdt/src/NeonRTOS/lwip/core/ipv6/ip6_frag.o
LOAD .pio/build/lptm4c1294ncpdt/src/NeonRTOS/lwip/core/ipv6/mld6.o
LOAD .pio/build/lptm4c1294ncpdt/src/NeonRTOS/lwip/core/ipv6/nd6.o
LOAD .pio/build/lptm4c1294ncpdt/src/NeonRTOS/lwip/core/mem.o
LOAD .pio/build/lptm4c1294ncpdt/src/NeonRTOS/lwip/core/memp.o
LOAD .pio/build/lptm4c1294ncpdt/src/NeonRTOS/lwip/core/netif.o
LOAD .pio/build/lptm4c1294ncpdt/src/NeonRTOS/lwip/core/pbuf.o
LOAD .pio/build/lptm4c1294ncpdt/src/NeonRTOS/lwip/core/raw.o
LOAD .pio/build/lptm4c1294ncpdt/src/NeonRTOS/lwip/core/stats.o
LOAD .pio/build/lptm4c1294ncpdt/src/NeonRTOS/lwip/core/sys.o
LOAD .pio/build/lptm4c1294ncpdt/src/NeonRTOS/lwip/core/tcp.o
LOAD .pio/build/lptm4c1294ncpdt/src/NeonRTOS/lwip/core/tcp_in.o
LOAD .pio/build/lptm4c1294ncpdt/src/NeonRTOS/lwip/core/tcp_out.o
LOAD .pio/build/lptm4c1294ncpdt/src/NeonRTOS/lwip/core/timeouts.o
LOAD .pio/build/lptm4c1294ncpdt/src/NeonRTOS/lwip/core/udp.o
LOAD .pio/build/lptm4c1294ncpdt/src/NeonRTOS/lwip/netif/bridgeif.o
LOAD .pio/build/lptm4c1294ncpdt/src/NeonRTOS/lwip/netif/bridgeif_fdb.o
LOAD .pio/build/lptm4c1294ncpdt/src/NeonRTOS/lwip/netif/ethernet.o
LOAD .pio/build/lptm4c1294ncpdt/src/NeonRTOS/lwip/netif/lowpan6.o
LOAD .pio/build/lptm4c1294ncpdt/src/NeonRTOS/lwip/netif/lowpan6_ble.o
LOAD .pio/build/lptm4c1294ncpdt/src/NeonRTOS/lwip/netif/lowpan6_common.o
LOAD .pio/build/lptm4c1294ncpdt/src/NeonRTOS/lwip/netif/ppp/auth.o
LOAD .pio/build/lptm4c1294ncpdt/src/NeonRTOS/lwip/netif/ppp/ccp.o
LOAD .pio/build/lptm4c1294ncpdt/src/NeonRTOS/lwip/netif/ppp/chap-md5.o
LOAD .pio/build/lptm4c1294ncpdt/src/NeonRTOS/lwip/netif/ppp/chap-new.o
LOAD .pio/build/lptm4c1294ncpdt/src/NeonRTOS/lwip/netif/ppp/chap_ms.o
LOAD .pio/build/lptm4c1294ncpdt/src/NeonRTOS/lwip/netif/ppp/demand.o
LOAD .pio/build/lptm4c1294ncpdt/src/NeonRTOS/lwip/netif/ppp/eap.o
LOAD .pio/build/lptm4c1294ncpdt/src/NeonRTOS/lwip/netif/ppp/ecp.o
LOAD .pio/build/lptm4c1294ncpdt/src/NeonRTOS/lwip/netif/ppp/eui64.o
LOAD .pio/build/lptm4c1294ncpdt/src/NeonRTOS/lwip/netif/ppp/fsm.o
LOAD .pio/build/lptm4c1294ncpdt/src/NeonRTOS/lwip/netif/ppp/ipcp.o
LOAD .pio/build/lptm4c1294ncpdt/src/NeonRTOS/lwip/netif/ppp/ipv6cp.o
LOAD .pio/build/lptm4c1294ncpdt/src/NeonRTOS/lwip/netif/ppp/lcp.o
LOAD .pio/build/lptm4c1294ncpdt/src/NeonRTOS/lwip/netif/ppp/magic.o
LOAD .pio/build/lptm4c1294ncpdt/src/NeonRTOS/lwip/netif/ppp/mppe.o
LOAD .pio/build/lptm4c1294ncpdt/src/NeonRTOS/lwip/netif/ppp/multilink.o
LOAD .pio/build/lptm4c1294ncpdt/src/NeonRTOS/lwip/netif/ppp/polarssl/arc4.o
LOAD .pio/build/lptm4c1294ncpdt/src/NeonRTOS/lwip/netif/ppp/polarssl/des.o
LOAD .pio/build/lptm4c1294ncpdt/src/NeonRTOS/lwip/netif/ppp/polarssl/md4.o
LOAD .pio/build/lptm4c1294ncpdt/src/NeonRTOS/lwip/netif/ppp/polarssl/md5.o
LOAD .pio/build/lptm4c1294ncpdt/src/NeonRTOS/lwip/netif/ppp/polarssl/sha1.o
LOAD .pio/build/lptm4c1294ncpdt/src/NeonRTOS/lwip/netif/ppp/ppp.o
LOAD .pio/build/lptm4c1294ncpdt/src/NeonRTOS/lwip/netif/ppp/pppapi.o
LOAD .pio/build/lptm4c1294ncpdt/src/NeonRTOS/lwip/netif/ppp/pppcrypt.o
LOAD .pio/build/lptm4c1294ncpdt/src/NeonRTOS/lwip/netif/ppp/pppoe.o
LOAD .pio/build/lptm4c1294ncpdt/src/NeonRTOS/lwip/netif/ppp/pppol2tp.o
LOAD .pio/build/lptm4c1294ncpdt/src/NeonRTOS/lwip/netif/ppp/pppos.o
LOAD .pio/build/lptm4c1294ncpdt/src/NeonRTOS/lwip/netif/ppp/upap.o
LOAD .pio/build/lptm4c1294ncpdt/src/NeonRTOS/lwip/netif/ppp/utils.o
LOAD .pio/build/lptm4c1294ncpdt/src/NeonRTOS/lwip/netif/ppp/vj.o
LOAD .pio/build/lptm4c1294ncpdt/src/NeonRTOS/lwip/netif/zepif.o
LOAD .pio/build/lptm4c1294ncpdt/src/main.o
LOAD .pio/build/lptm4c1294ncpdt/src/stub_sbrk.o
LOAD .pio/build/lptm4c1294ncpdt/src/wrap_malloc.o
START GROUP
LOAD c:/users/user/.platformio/packages/toolchain-gccarmnoneeabi@1.40804.0/bin/../lib/gcc/arm-none-eabi/4.8.4/../../../../arm-none-eabi/lib/armv7e-m\libc.a
LOAD c:/users/user/.platformio/packages/toolchain-gccarmnoneeabi@1.40804.0/bin/../lib/gcc/arm-none-eabi/4.8.4/armv7e-m\libgcc.a
LOAD c:/users/user/.platformio/packages/toolchain-gccarmnoneeabi@1.40804.0/bin/../lib/gcc/arm-none-eabi/4.8.4/../../../../arm-none-eabi/lib/armv7e-m\libm.a
END GROUP

.isr_vector     0x00000000      0x200
 *(.isr_vector)
 .isr_vector    0x00000000      0x200 .pio/build/lptm4c1294ncpdt/src/Drivers/soc/startup_gcc.o
                0x00000000                g_pfnVectors

.ARM.extab      0x00000200        0x0
 .ARM.extab     0x00000200        0x0 c:/users/user/.platformio/packages/toolchain-gccarmnoneeabi@1.40804.0/bin/../lib/gcc/arm-none-eabi/4.8.4/armv7e-m\libgcc.a(_divdi3.o)
 .ARM.extab     0x00000200        0x0 c:/users/user/.platformio/packages/toolchain-gccarmnoneeabi@1.40804.0/bin/../lib/gcc/arm-none-eabi/4.8.4/armv7e-m\libgcc.a(_udivdi3.o)

.text           0x00000200    0x8e5c8
                0x00000200                _text = .
 *(.text .text.*)
 .text          0x00000200        0x0 .pio/build/lptm4c1294ncpdt/src/APP/LED_PWM_API.o
 .text.LED_PWM_Init
                0x00000200       0x2c .pio/build/lptm4c1294ncpdt/src/APP/LED_PWM_API.o
                0x00000200                LED_PWM_Init
 .text.LED_PWM_Get_Num_Of_LED
                0x0000022c       0x10 .pio/build/lptm4c1294ncpdt/src/APP/LED_PWM_API.o
                0x0000022c                LED_PWM_Get_Num_Of_LED
 .text.LED_PWM_Set_LED_On_Off_Status
                0x0000023c       0x34 .pio/build/lptm4c1294ncpdt/src/APP/LED_PWM_API.o
                0x0000023c                LED_PWM_Set_LED_On_Off_Status
 .text.LED_PWM_Set_LED_Level_Status
                0x00000270       0x28 .pio/build/lptm4c1294ncpdt/src/APP/LED_PWM_API.o
                0x00000270                LED_PWM_Set_LED_Level_Status
 .text.LED_PWM_Toggle_LED_On_Off_Status
                0x00000298       0x1c .pio/build/lptm4c1294ncpdt/src/APP/LED_PWM_API.o
                0x00000298                LED_PWM_Toggle_LED_On_Off_Status
 .text.LED_PWM_Set_Selected_LED_On_Off_Status
                0x000002b4       0x40 .pio/build/lptm4c1294ncpdt/src/APP/LED_PWM_API.o
                0x000002b4                LED_PWM_Set_Selected_LED_On_Off_Status
 .text.LED_PWM_Set_Selected_LED_Level_Status
                0x000002f4       0x38 .pio/build/lptm4c1294ncpdt/src/APP/LED_PWM_API.o
                0x000002f4                LED_PWM_Set_Selected_LED_Level_Status
 .text.LED_PWM_Toggle_Selected_LED_On_Off_Status
                0x0000032c       0x44 .pio/build/lptm4c1294ncpdt/src/APP/LED_PWM_API.o
                0x0000032c                LED_PWM_Toggle_Selected_LED_On_Off_Status
 .text          0x00000370        0x0 .pio/build/lptm4c1294ncpdt/src/APP/LED_PWM_APP.o
 .text.LED_PWM_CGI_LED_OnOff_Any_Number
                0x00000370      0x16c .pio/build/lptm4c1294ncpdt/src/APP/LED_PWM_APP.o
                0x00000370                LED_PWM_CGI_LED_OnOff_Any_Number
 .text.LED_PWM_CGI_LED_Any_Number
                0x000004dc      0x200 .pio/build/lptm4c1294ncpdt/src/APP/LED_PWM_APP.o
                0x000004dc                LED_PWM_CGI_LED_Any_Number
 .text.LED_PWM_CGI_LED_Level_Any_Number
                0x000006dc      0x1a0 .pio/build/lptm4c1294ncpdt/src/APP/LED_PWM_APP.o
                0x000006dc                LED_PWM_CGI_LED_Level_Any_Number
 .text.LED_PWM_CGI_LED_Num
                0x0000087c       0x7c .pio/build/lptm4c1294ncpdt/src/APP/LED_PWM_APP.o
                0x0000087c                LED_PWM_CGI_LED_Num
 .text.LED_PWM_Get_All_LED_Status
                0x000008f8       0xb8 .pio/build/lptm4c1294ncpdt/src/APP/LED_PWM_APP.o
                0x000008f8                LED_PWM_Get_All_LED_Status
 .text.LED_PWM_CGI_Root
                0x000009b0       0x64 .pio/build/lptm4c1294ncpdt/src/APP/LED_PWM_APP.o
                0x000009b0                LED_PWM_CGI_Root
 .text.Process_LED_PWM_APP_JSON_POST_Commands
                0x00000a14      0x10c .pio/build/lptm4c1294ncpdt/src/APP/LED_PWM_APP.o
                0x00000a14                Process_LED_PWM_APP_JSON_POST_Commands
 .text.Process_LED_PWM_APP_JSON_GET_Commands
                0x00000b20      0x118 .pio/build/lptm4c1294ncpdt/src/APP/LED_PWM_APP.o
                0x00000b20                Process_LED_PWM_APP_JSON_GET_Commands
 .text.Process_LED_PWM_APP_Incoming_JSON_GET_Msg
                0x00000c38       0x14 .pio/build/lptm4c1294ncpdt/src/APP/LED_PWM_APP.o
                0x00000c38                Process_LED_PWM_APP_Incoming_JSON_GET_Msg
 .text.LED_PWM_Do_Report
                0x00000c4c       0x6c .pio/build/lptm4c1294ncpdt/src/APP/LED_PWM_APP.o
                0x00000c4c                LED_PWM_Do_Report
 .text.Process_LED_PWM_APP_Incoming_JSON_POST_Msg
                0x00000cb8       0x3a .pio/build/lptm4c1294ncpdt/src/APP/LED_PWM_APP.o
                0x00000cb8                Process_LED_PWM_APP_Incoming_JSON_POST_Msg
 *fill*         0x00000cf2        0x2 
 .text.Neon_APP_Device_Init
                0x00000cf4       0x7c .pio/build/lptm4c1294ncpdt/src/APP/LED_PWM_APP.o
                0x00000cf4                Neon_APP_Device_Init
 .text          0x00000d70        0x0 .pio/build/lptm4c1294ncpdt/src/Drivers/W-Link/Driver/GPIO/GPIO_TM4C1294.o
 .text.GPIO_Pin_Init
                0x00000d70       0xb0 .pio/build/lptm4c1294ncpdt/src/Drivers/W-Link/Driver/GPIO/GPIO_TM4C1294.o
                0x00000d70                GPIO_Pin_Init
 .text.GPIO_Pin_DeInit
                0x00000e20       0x50 .pio/build/lptm4c1294ncpdt/src/Drivers/W-Link/Driver/GPIO/GPIO_TM4C1294.o
                0x00000e20                GPIO_Pin_DeInit
 .text.GPIO_Pin_is_Init
                0x00000e70       0x10 .pio/build/lptm4c1294ncpdt/src/Drivers/W-Link/Driver/GPIO/GPIO_TM4C1294.o
                0x00000e70                GPIO_Pin_is_Init
 .text.GPIO_Pin_Set_Direction
                0x00000e80       0x5c .pio/build/lptm4c1294ncpdt/src/Drivers/W-Link/Driver/GPIO/GPIO_TM4C1294.o
                0x00000e80                GPIO_Pin_Set_Direction
 .text.GPIO_Pin_Get_Direction
                0x00000edc       0x1c .pio/build/lptm4c1294ncpdt/src/Drivers/W-Link/Driver/GPIO/GPIO_TM4C1294.o
                0x00000edc                GPIO_Pin_Get_Direction
 .text.GPIO_Pin_Set_PullMode
                0x00000ef8       0x5c .pio/build/lptm4c1294ncpdt/src/Drivers/W-Link/Driver/GPIO/GPIO_TM4C1294.o
                0x00000ef8                GPIO_Pin_Set_PullMode
 .text.GPIO_Pin_Get_PullMode
                0x00000f54       0x1c .pio/build/lptm4c1294ncpdt/src/Drivers/W-Link/Driver/GPIO/GPIO_TM4C1294.o
                0x00000f54                GPIO_Pin_Get_PullMode
 .text.GPIO_Pin_Read
                0x00000f70       0x58 .pio/build/lptm4c1294ncpdt/src/Drivers/W-Link/Driver/GPIO/GPIO_TM4C1294.o
                0x00000f70                GPIO_Pin_Read
 .text.GPIO_Pin_Write
                0x00000fc8       0x50 .pio/build/lptm4c1294ncpdt/src/Drivers/W-Link/Driver/GPIO/GPIO_TM4C1294.o
                0x00000fc8                GPIO_Pin_Write
 .text.GPIO_Pin_Toggle
                0x00001018       0x5c .pio/build/lptm4c1294ncpdt/src/Drivers/W-Link/Driver/GPIO/GPIO_TM4C1294.o
                0x00001018                GPIO_Pin_Toggle
 .text.GPIO_IRQ_Handler
                0x00001074       0x4c .pio/build/lptm4c1294ncpdt/src/Drivers/W-Link/Driver/GPIO/GPIO_TM4C1294.o
                0x00001074                GPIO_IRQ_Handler
 .text.GPIOA_IRQ_Handler
                0x000010c0        0x8 .pio/build/lptm4c1294ncpdt/src/Drivers/W-Link/Driver/GPIO/GPIO_TM4C1294.o
                0x000010c0                GPIOA_IRQ_Handler
 .text.GPIOB_IRQ_Handler
                0x000010c8        0xc .pio/build/lptm4c1294ncpdt/src/Drivers/W-Link/Driver/GPIO/GPIO_TM4C1294.o
                0x000010c8                GPIOB_IRQ_Handler
 .text.GPIOC_IRQ_Handler
                0x000010d4        0xc .pio/build/lptm4c1294ncpdt/src/Drivers/W-Link/Driver/GPIO/GPIO_TM4C1294.o
                0x000010d4                GPIOC_IRQ_Handler
 .text.GPIOD_IRQ_Handler
                0x000010e0        0xc .pio/build/lptm4c1294ncpdt/src/Drivers/W-Link/Driver/GPIO/GPIO_TM4C1294.o
                0x000010e0                GPIOD_IRQ_Handler
 .text.GPIOE_IRQ_Handler
                0x000010ec        0xc .pio/build/lptm4c1294ncpdt/src/Drivers/W-Link/Driver/GPIO/GPIO_TM4C1294.o
                0x000010ec                GPIOE_IRQ_Handler
 .text.GPIOF_IRQ_Handler
                0x000010f8        0xc .pio/build/lptm4c1294ncpdt/src/Drivers/W-Link/Driver/GPIO/GPIO_TM4C1294.o
                0x000010f8                GPIOF_IRQ_Handler
 .text.GPIOG_IRQ_Handler
                0x00001104        0xc .pio/build/lptm4c1294ncpdt/src/Drivers/W-Link/Driver/GPIO/GPIO_TM4C1294.o
                0x00001104                GPIOG_IRQ_Handler
 .text.GPIOH_IRQ_Handler
                0x00001110        0xc .pio/build/lptm4c1294ncpdt/src/Drivers/W-Link/Driver/GPIO/GPIO_TM4C1294.o
                0x00001110                GPIOH_IRQ_Handler
 .text.GPIOJ_IRQ_Handler
                0x0000111c        0xc .pio/build/lptm4c1294ncpdt/src/Drivers/W-Link/Driver/GPIO/GPIO_TM4C1294.o
                0x0000111c                GPIOJ_IRQ_Handler
 .text.GPIOK_IRQ_Handler
                0x00001128        0xc .pio/build/lptm4c1294ncpdt/src/Drivers/W-Link/Driver/GPIO/GPIO_TM4C1294.o
                0x00001128                GPIOK_IRQ_Handler
 .text.GPIOL_IRQ_Handler
                0x00001134        0xc .pio/build/lptm4c1294ncpdt/src/Drivers/W-Link/Driver/GPIO/GPIO_TM4C1294.o
                0x00001134                GPIOL_IRQ_Handler
 .text.GPIOM_IRQ_Handler
                0x00001140        0xc .pio/build/lptm4c1294ncpdt/src/Drivers/W-Link/Driver/GPIO/GPIO_TM4C1294.o
                0x00001140                GPIOM_IRQ_Handler
 .text.GPION_IRQ_Handler
                0x0000114c        0xc .pio/build/lptm4c1294ncpdt/src/Drivers/W-Link/Driver/GPIO/GPIO_TM4C1294.o
                0x0000114c                GPION_IRQ_Handler
 .text.GPIOP_IRQ_Handler
                0x00001158        0xc .pio/build/lptm4c1294ncpdt/src/Drivers/W-Link/Driver/GPIO/GPIO_TM4C1294.o
                0x00001158                GPIOP_IRQ_Handler
 .text.GPIOQ_IRQ_Handler
                0x00001164        0xc .pio/build/lptm4c1294ncpdt/src/Drivers/W-Link/Driver/GPIO/GPIO_TM4C1294.o
                0x00001164                GPIOQ_IRQ_Handler
 .text.GPIO_Interrupt_Init
                0x00001170      0x1c8 .pio/build/lptm4c1294ncpdt/src/Drivers/W-Link/Driver/GPIO/GPIO_TM4C1294.o
                0x00001170                GPIO_Interrupt_Init
 .text.GPIO_Interrupt_DeInit
                0x00001338       0x58 .pio/build/lptm4c1294ncpdt/src/Drivers/W-Link/Driver/GPIO/GPIO_TM4C1294.o
                0x00001338                GPIO_Interrupt_DeInit
 .text.GPIO_Config_Interrupt_Mode
                0x00001390       0x60 .pio/build/lptm4c1294ncpdt/src/Drivers/W-Link/Driver/GPIO/GPIO_TM4C1294.o
                0x00001390                GPIO_Config_Interrupt_Mode
 .text.GPIO_Register_Interrupt_Handler
                0x000013f0       0x1c .pio/build/lptm4c1294ncpdt/src/Drivers/W-Link/Driver/GPIO/GPIO_TM4C1294.o
                0x000013f0                GPIO_Register_Interrupt_Handler
 .text.GPIO_Unregister_Interrupt_Handler
                0x0000140c       0x1c .pio/build/lptm4c1294ncpdt/src/Drivers/W-Link/Driver/GPIO/GPIO_TM4C1294.o
                0x0000140c                GPIO_Unregister_Interrupt_Handler
 .text.GPIO_Interrupt_Enable
                0x00001428       0x44 .pio/build/lptm4c1294ncpdt/src/Drivers/W-Link/Driver/GPIO/GPIO_TM4C1294.o
                0x00001428                GPIO_Interrupt_Enable
 .text.GPIO_Interrupt_Disable
                0x0000146c       0x44 .pio/build/lptm4c1294ncpdt/src/Drivers/W-Link/Driver/GPIO/GPIO_TM4C1294.o
                0x0000146c                GPIO_Interrupt_Disable
 .text.GPIO_Interrupt_Pin_Read
                0x000014b0       0x4c .pio/build/lptm4c1294ncpdt/src/Drivers/W-Link/Driver/GPIO/GPIO_TM4C1294.o
                0x000014b0                GPIO_Interrupt_Pin_Read
 .text          0x000014fc        0x0 .pio/build/lptm4c1294ncpdt/src/Drivers/W-Link/Driver/GPIO/Pin/GPIO_Pin_TM4C1294.o
 .text.GPIO_Map_Soc_Port_Base
                0x000014fc       0x14 .pio/build/lptm4c1294ncpdt/src/Drivers/W-Link/Driver/GPIO/Pin/GPIO_Pin_TM4C1294.o
                0x000014fc                GPIO_Map_Soc_Port_Base
 .text.GPIO_Map_Soc_Port_HighSpeed_Base
                0x00001510       0x14 .pio/build/lptm4c1294ncpdt/src/Drivers/W-Link/Driver/GPIO/Pin/GPIO_Pin_TM4C1294.o
                0x00001510                GPIO_Map_Soc_Port_HighSpeed_Base
 .text.GPIO_Map_Soc_Int_Port_Base
                0x00001524       0x14 .pio/build/lptm4c1294ncpdt/src/Drivers/W-Link/Driver/GPIO/Pin/GPIO_Pin_TM4C1294.o
                0x00001524                GPIO_Map_Soc_Int_Port_Base
 .text.GPIO_Map_Soc_Int_Port_HighSpeed_Base
                0x00001538       0x14 .pio/build/lptm4c1294ncpdt/src/Drivers/W-Link/Driver/GPIO/Pin/GPIO_Pin_TM4C1294.o
                0x00001538                GPIO_Map_Soc_Int_Port_HighSpeed_Base
 .text.GPIO_Map_Soc_Pin_Mask
                0x0000154c       0x14 .pio/build/lptm4c1294ncpdt/src/Drivers/W-Link/Driver/GPIO/Pin/GPIO_Pin_TM4C1294.o
                0x0000154c                GPIO_Map_Soc_Pin_Mask
 .text.GPIO_Map_Soc_Int_Pin_Mask
                0x00001560       0x14 .pio/build/lptm4c1294ncpdt/src/Drivers/W-Link/Driver/GPIO/Pin/GPIO_Pin_TM4C1294.o
                0x00001560                GPIO_Map_Soc_Int_Pin_Mask
 .text.GPIO_Map_Pin_Int_Mask
                0x00001574       0x2a .pio/build/lptm4c1294ncpdt/src/Drivers/W-Link/Driver/GPIO/Pin/GPIO_Pin_TM4C1294.o
                0x00001574                GPIO_Map_Pin_Int_Mask
 *fill*         0x0000159e        0x2 
 .text.GPIO_Map_Int_Pin_By_Mask
                0x000015a0      0x420 .pio/build/lptm4c1294ncpdt/src/Drivers/W-Link/Driver/GPIO/Pin/GPIO_Pin_TM4C1294.o
                0x000015a0                GPIO_Map_Int_Pin_By_Mask
 .text.GPIO_Enable_Port_Clock
                0x000019c0      0x160 .pio/build/lptm4c1294ncpdt/src/Drivers/W-Link/Driver/GPIO/Pin/GPIO_Pin_TM4C1294.o
                0x000019c0                GPIO_Enable_Port_Clock
 .text          0x00001b20        0x0 .pio/build/lptm4c1294ncpdt/src/Drivers/W-Link/Driver/PWM/PWM_TM4C1294.o
 .text.PWM_Channel_Init
                0x00001b20      0x19c .pio/build/lptm4c1294ncpdt/src/Drivers/W-Link/Driver/PWM/PWM_TM4C1294.o
                0x00001b20                PWM_Channel_Init
 .text.PWM_Channel_DeInit
                0x00001cbc       0xcc .pio/build/lptm4c1294ncpdt/src/Drivers/W-Link/Driver/PWM/PWM_TM4C1294.o
                0x00001cbc                PWM_Channel_DeInit
 .text.PWM_Turn_On
                0x00001d88      0x114 .pio/build/lptm4c1294ncpdt/src/Drivers/W-Link/Driver/PWM/PWM_TM4C1294.o
                0x00001d88                PWM_Turn_On
 .text.PWM_Turn_On_And_Set_Duty
                0x00001e9c      0x120 .pio/build/lptm4c1294ncpdt/src/Drivers/W-Link/Driver/PWM/PWM_TM4C1294.o
                0x00001e9c                PWM_Turn_On_And_Set_Duty
 .text.PWM_Turn_Off
                0x00001fbc       0x8c .pio/build/lptm4c1294ncpdt/src/Drivers/W-Link/Driver/PWM/PWM_TM4C1294.o
                0x00001fbc                PWM_Turn_Off
 .text.PWM_Set_Duty
                0x00002048      0x10c .pio/build/lptm4c1294ncpdt/src/Drivers/W-Link/Driver/PWM/PWM_TM4C1294.o
                0x00002048                PWM_Set_Duty
 .text.PWM_Step_Duty
                0x00002154      0x134 .pio/build/lptm4c1294ncpdt/src/Drivers/W-Link/Driver/PWM/PWM_TM4C1294.o
                0x00002154                PWM_Step_Duty
 .text.PWM_Get_Channel_OnOff_Status
                0x00002288       0x2c .pio/build/lptm4c1294ncpdt/src/Drivers/W-Link/Driver/PWM/PWM_TM4C1294.o
                0x00002288                PWM_Get_Channel_OnOff_Status
 .text.PWM_Get_Channel_Current_Duty
                0x000022b4       0x30 .pio/build/lptm4c1294ncpdt/src/Drivers/W-Link/Driver/PWM/PWM_TM4C1294.o
                0x000022b4                PWM_Get_Channel_Current_Duty
 .text.PWM_Get_Channel_Current_OnOff_Duty
                0x000022e4       0x40 .pio/build/lptm4c1294ncpdt/src/Drivers/W-Link/Driver/PWM/PWM_TM4C1294.o
                0x000022e4                PWM_Get_Channel_Current_OnOff_Duty
 .text.PWM_is_Init
                0x00002324       0x14 .pio/build/lptm4c1294ncpdt/src/Drivers/W-Link/Driver/PWM/PWM_TM4C1294.o
                0x00002324                PWM_is_Init
 .text          0x00002338        0x0 .pio/build/lptm4c1294ncpdt/src/Drivers/W-Link/Driver/SysCtrl/SysCtrl_TM4C1294.o
 .text.SysCtrl_Init
                0x00002338       0x18 .pio/build/lptm4c1294ncpdt/src/Drivers/W-Link/Driver/SysCtrl/SysCtrl_TM4C1294.o
                0x00002338                SysCtrl_Init
 .text          0x00002350        0x0 .pio/build/lptm4c1294ncpdt/src/Drivers/W-Link/Driver/UART/UART_TM4C1294.o
 .text.UART_Open_Specific_Format
                0x00002350      0x180 .pio/build/lptm4c1294ncpdt/src/Drivers/W-Link/Driver/UART/UART_TM4C1294.o
                0x00002350                UART_Open_Specific_Format
 .text.UART_Open
                0x000024d0       0x22 .pio/build/lptm4c1294ncpdt/src/Drivers/W-Link/Driver/UART/UART_TM4C1294.o
                0x000024d0                UART_Open
 *fill*         0x000024f2        0x2 
 .text.UART_Close
                0x000024f4       0x98 .pio/build/lptm4c1294ncpdt/src/Drivers/W-Link/Driver/UART/UART_TM4C1294.o
                0x000024f4                UART_Close
 .text.UART_Read
                0x0000258c       0x30 .pio/build/lptm4c1294ncpdt/src/Drivers/W-Link/Driver/UART/UART_TM4C1294.o
                0x0000258c                UART_Read
 .text.UART_GetChar
                0x000025bc       0x1a .pio/build/lptm4c1294ncpdt/src/Drivers/W-Link/Driver/UART/UART_TM4C1294.o
                0x000025bc                UART_GetChar
 *fill*         0x000025d6        0x2 
 .text.UART_Write
                0x000025d8       0x58 .pio/build/lptm4c1294ncpdt/src/Drivers/W-Link/Driver/UART/UART_TM4C1294.o
                0x000025d8                UART_Write
 .text.UART_PutChar
                0x00002630       0x22 .pio/build/lptm4c1294ncpdt/src/Drivers/W-Link/Driver/UART/UART_TM4C1294.o
                0x00002630                UART_PutChar
 *fill*         0x00002652        0x2 
 .text.UART_Printf
                0x00002654       0x58 .pio/build/lptm4c1294ncpdt/src/Drivers/W-Link/Driver/UART/UART_TM4C1294.o
                0x00002654                UART_Printf
 .text          0x000026ac        0x0 .pio/build/lptm4c1294ncpdt/src/Drivers/W-Link/Misc/Base64.o
 .text.base64_decode
                0x000026ac       0x84 .pio/build/lptm4c1294ncpdt/src/Drivers/W-Link/Misc/Base64.o
                0x000026ac                base64_decode
 .text.base64_encode
                0x00002730       0x8c .pio/build/lptm4c1294ncpdt/src/Drivers/W-Link/Misc/Base64.o
                0x00002730                base64_encode
 .text          0x000027bc        0x0 .pio/build/lptm4c1294ncpdt/src/Drivers/W-Link/Misc/atoh.o
 .text.atoh     0x000027bc       0x2c .pio/build/lptm4c1294ncpdt/src/Drivers/W-Link/Misc/atoh.o
                0x000027bc                atoh
 .text.atoh_str
                0x000027e8       0x34 .pio/build/lptm4c1294ncpdt/src/Drivers/W-Link/Misc/atoh.o
                0x000027e8                atoh_str
 .text          0x0000281c        0x0 .pio/build/lptm4c1294ncpdt/src/Drivers/W-Link/Misc/ftoa.o
 .text.ftoa     0x0000281c       0x84 .pio/build/lptm4c1294ncpdt/src/Drivers/W-Link/Misc/ftoa.o
                0x0000281c                ftoa
 .text          0x000028a0        0x0 .pio/build/lptm4c1294ncpdt/src/Drivers/W-Link/Misc/htoa.o
 .text.htoa     0x000028a0       0x14 .pio/build/lptm4c1294ncpdt/src/Drivers/W-Link/Misc/htoa.o
                0x000028a0                htoa
 .text.htoa_str
                0x000028b4       0x30 .pio/build/lptm4c1294ncpdt/src/Drivers/W-Link/Misc/htoa.o
                0x000028b4                htoa_str
 .text          0x000028e4        0x0 .pio/build/lptm4c1294ncpdt/src/Drivers/W-Link/Misc/itoa.o
 .text.itoa     0x000028e4       0x10 .pio/build/lptm4c1294ncpdt/src/Drivers/W-Link/Misc/itoa.o
                0x000028e4                itoa
 .text          0x000028f4        0x0 .pio/build/lptm4c1294ncpdt/src/Drivers/W-Link/Misc/sha1.o
 .text.sha1_init
                0x000028f4       0x34 .pio/build/lptm4c1294ncpdt/src/Drivers/W-Link/Misc/sha1.o
                0x000028f4                sha1_init
 .text.sha1_rol32
                0x00002928        0x8 .pio/build/lptm4c1294ncpdt/src/Drivers/W-Link/Misc/sha1.o
                0x00002928                sha1_rol32
 .text.sha1_hashBlock
                0x00002930      0x108 .pio/build/lptm4c1294ncpdt/src/Drivers/W-Link/Misc/sha1.o
                0x00002930                sha1_hashBlock
 .text.sha1_addUncounted
                0x00002a38       0x2a .pio/build/lptm4c1294ncpdt/src/Drivers/W-Link/Misc/sha1.o
                0x00002a38                sha1_addUncounted
 .text.sha1_writebyte
                0x00002a62        0xa .pio/build/lptm4c1294ncpdt/src/Drivers/W-Link/Misc/sha1.o
                0x00002a62                sha1_writebyte
 .text.sha1_write
                0x00002a6c       0x1a .pio/build/lptm4c1294ncpdt/src/Drivers/W-Link/Misc/sha1.o
                0x00002a6c                sha1_write
 .text.sha1_pad
                0x00002a86       0x6c .pio/build/lptm4c1294ncpdt/src/Drivers/W-Link/Misc/sha1.o
                0x00002a86                sha1_pad
 .text.sha1_result
                0x00002af2       0x1e .pio/build/lptm4c1294ncpdt/src/Drivers/W-Link/Misc/sha1.o
                0x00002af2                sha1_result
 .text.sha1_initHmac
                0x00002b10       0x74 .pio/build/lptm4c1294ncpdt/src/Drivers/W-Link/Misc/sha1.o
                0x00002b10                sha1_initHmac
 .text.sha1_resultHmac
                0x00002b84       0x5c .pio/build/lptm4c1294ncpdt/src/Drivers/W-Link/Misc/sha1.o
                0x00002b84                sha1_resultHmac
 .text          0x00002be0        0x0 .pio/build/lptm4c1294ncpdt/src/Drivers/W-Link/cJSON/cJSON.o
 .text.cJSON_strcasecmp
                0x00002be0       0x74 .pio/build/lptm4c1294ncpdt/src/Drivers/W-Link/cJSON/cJSON.o
 .text.parse_hex4
                0x00002c54       0xb2 .pio/build/lptm4c1294ncpdt/src/Drivers/W-Link/cJSON/cJSON.o
 *fill*         0x00002d06        0x2 
 .text.parse_string
                0x00002d08      0x190 .pio/build/lptm4c1294ncpdt/src/Drivers/W-Link/cJSON/cJSON.o
 .text.skip     0x00002e98       0x14 .pio/build/lptm4c1294ncpdt/src/Drivers/W-Link/cJSON/cJSON.o
 .text.cJSON_New_Item
                0x00002eac       0x20 .pio/build/lptm4c1294ncpdt/src/Drivers/W-Link/cJSON/cJSON.o
 .text.cJSON_strdup
                0x00002ecc       0x28 .pio/build/lptm4c1294ncpdt/src/Drivers/W-Link/cJSON/cJSON.o
 .text.create_reference
                0x00002ef4       0x30 .pio/build/lptm4c1294ncpdt/src/Drivers/W-Link/cJSON/cJSON.o
 .text.print_string_ptr
                0x00002f24       0xc8 .pio/build/lptm4c1294ncpdt/src/Drivers/W-Link/cJSON/cJSON.o
 *fill*         0x00002fec        0x4 
 .text.print_value
                0x00002ff0      0x4f0 .pio/build/lptm4c1294ncpdt/src/Drivers/W-Link/cJSON/cJSON.o
 .text.cJSON_GetErrorPtr
                0x000034e0        0xc .pio/build/lptm4c1294ncpdt/src/Drivers/W-Link/cJSON/cJSON.o
                0x000034e0                cJSON_GetErrorPtr
 .text.cJSON_InitHooks
                0x000034ec       0x3c .pio/build/lptm4c1294ncpdt/src/Drivers/W-Link/cJSON/cJSON.o
                0x000034ec                cJSON_InitHooks
 .text.cJSON_Delete
                0x00003528       0x40 .pio/build/lptm4c1294ncpdt/src/Drivers/W-Link/cJSON/cJSON.o
                0x00003528                cJSON_Delete
 .text.parse_number
                0x00003568      0x198 .pio/build/lptm4c1294ncpdt/src/Drivers/W-Link/cJSON/cJSON.o
                0x00003568                parse_number
 .text.parse_value
                0x00003700      0x1c0 .pio/build/lptm4c1294ncpdt/src/Drivers/W-Link/cJSON/cJSON.o
 .text.cJSON_ParseWithOpts
                0x000038c0       0x68 .pio/build/lptm4c1294ncpdt/src/Drivers/W-Link/cJSON/cJSON.o
                0x000038c0                cJSON_ParseWithOpts
 .text.cJSON_Parse
                0x00003928        0x8 .pio/build/lptm4c1294ncpdt/src/Drivers/W-Link/cJSON/cJSON.o
                0x00003928                cJSON_Parse
 .text.cJSON_Print
                0x00003930        0x8 .pio/build/lptm4c1294ncpdt/src/Drivers/W-Link/cJSON/cJSON.o
                0x00003930                cJSON_Print
 .text.cJSON_PrintUnformatted
                0x00003938        0x8 .pio/build/lptm4c1294ncpdt/src/Drivers/W-Link/cJSON/cJSON.o
                0x00003938                cJSON_PrintUnformatted
 .text.Print_JSON_To_Buffer
                0x00003940      0x1ec .pio/build/lptm4c1294ncpdt/src/Drivers/W-Link/cJSON/cJSON.o
                0x00003940                Print_JSON_To_Buffer
 .text.cJSON_Print_To_Buffer
                0x00003b2c       0x16 .pio/build/lptm4c1294ncpdt/src/Drivers/W-Link/cJSON/cJSON.o
                0x00003b2c                cJSON_Print_To_Buffer
 .text.cJSON_GetArraySize
                0x00003b42        0xe .pio/build/lptm4c1294ncpdt/src/Drivers/W-Link/cJSON/cJSON.o
                0x00003b42                cJSON_GetArraySize
 .text.cJSON_GetArrayItem
                0x00003b50       0x10 .pio/build/lptm4c1294ncpdt/src/Drivers/W-Link/cJSON/cJSON.o
                0x00003b50                cJSON_GetArrayItem
 .text.cJSON_GetObjectItem
                0x00003b60       0x1a .pio/build/lptm4c1294ncpdt/src/Drivers/W-Link/cJSON/cJSON.o
                0x00003b60                cJSON_GetObjectItem
 .text.cJSON_AddItemToArray
                0x00003b7a       0x18 .pio/build/lptm4c1294ncpdt/src/Drivers/W-Link/cJSON/cJSON.o
                0x00003b7a                cJSON_AddItemToArray
 *fill*         0x00003b92        0x2 
 .text.cJSON_AddItemToObject
                0x00003b94       0x30 .pio/build/lptm4c1294ncpdt/src/Drivers/W-Link/cJSON/cJSON.o
                0x00003b94                cJSON_AddItemToObject
 .text.cJSON_AddItemReferenceToArray
                0x00003bc4       0x16 .pio/build/lptm4c1294ncpdt/src/Drivers/W-Link/cJSON/cJSON.o
                0x00003bc4                cJSON_AddItemReferenceToArray
 .text.cJSON_AddItemReferenceToObject
                0x00003bda       0x1a .pio/build/lptm4c1294ncpdt/src/Drivers/W-Link/cJSON/cJSON.o
                0x00003bda                cJSON_AddItemReferenceToObject
 .text.cJSON_DetachItemFromArray
                0x00003bf4       0x30 .pio/build/lptm4c1294ncpdt/src/Drivers/W-Link/cJSON/cJSON.o
                0x00003bf4                cJSON_DetachItemFromArray
 .text.cJSON_DeleteItemFromArray
                0x00003c24        0xe .pio/build/lptm4c1294ncpdt/src/Drivers/W-Link/cJSON/cJSON.o
                0x00003c24                cJSON_DeleteItemFromArray
 .text.cJSON_DetachItemFromObject
                0x00003c32       0x2c .pio/build/lptm4c1294ncpdt/src/Drivers/W-Link/cJSON/cJSON.o
                0x00003c32                cJSON_DetachItemFromObject
 .text.cJSON_DeleteItemFromObject
                0x00003c5e        0xe .pio/build/lptm4c1294ncpdt/src/Drivers/W-Link/cJSON/cJSON.o
                0x00003c5e                cJSON_DeleteItemFromObject
 .text.cJSON_ReplaceItemInArray
                0x00003c6c       0x3a .pio/build/lptm4c1294ncpdt/src/Drivers/W-Link/cJSON/cJSON.o
                0x00003c6c                cJSON_ReplaceItemInArray
 *fill*         0x00003ca6        0x2 
 .text.cJSON_ReplaceItemInObject
                0x00003ca8       0x48 .pio/build/lptm4c1294ncpdt/src/Drivers/W-Link/cJSON/cJSON.o
                0x00003ca8                cJSON_ReplaceItemInObject
 .text.cJSON_CreateNull
                0x00003cf0        0xe .pio/build/lptm4c1294ncpdt/src/Drivers/W-Link/cJSON/cJSON.o
                0x00003cf0                cJSON_CreateNull
 .text.cJSON_CreateTrue
                0x00003cfe        0xe .pio/build/lptm4c1294ncpdt/src/Drivers/W-Link/cJSON/cJSON.o
                0x00003cfe                cJSON_CreateTrue
 .text.cJSON_CreateFalse
                0x00003d0c        0xe .pio/build/lptm4c1294ncpdt/src/Drivers/W-Link/cJSON/cJSON.o
                0x00003d0c                cJSON_CreateFalse
 .text.cJSON_CreateBool
                0x00003d1a       0x14 .pio/build/lptm4c1294ncpdt/src/Drivers/W-Link/cJSON/cJSON.o
                0x00003d1a                cJSON_CreateBool
 .text.cJSON_CreateNumber
                0x00003d2e       0x24 .pio/build/lptm4c1294ncpdt/src/Drivers/W-Link/cJSON/cJSON.o
                0x00003d2e                cJSON_CreateNumber
 .text.cJSON_CreateString
                0x00003d52       0x1c .pio/build/lptm4c1294ncpdt/src/Drivers/W-Link/cJSON/cJSON.o
                0x00003d52                cJSON_CreateString
 .text.cJSON_CreateArray
                0x00003d6e        0xe .pio/build/lptm4c1294ncpdt/src/Drivers/W-Link/cJSON/cJSON.o
                0x00003d6e                cJSON_CreateArray
 .text.cJSON_CreateObject
                0x00003d7c        0xe .pio/build/lptm4c1294ncpdt/src/Drivers/W-Link/cJSON/cJSON.o
                0x00003d7c                cJSON_CreateObject
 .text.cJSON_CreateIntArray
                0x00003d8a       0x3a .pio/build/lptm4c1294ncpdt/src/Drivers/W-Link/cJSON/cJSON.o
                0x00003d8a                cJSON_CreateIntArray
 .text.cJSON_CreateFloatArray
                0x00003dc4       0x3a .pio/build/lptm4c1294ncpdt/src/Drivers/W-Link/cJSON/cJSON.o
                0x00003dc4                cJSON_CreateFloatArray
 .text.cJSON_CreateDoubleArray
                0x00003dfe       0x36 .pio/build/lptm4c1294ncpdt/src/Drivers/W-Link/cJSON/cJSON.o
                0x00003dfe                cJSON_CreateDoubleArray
 .text.cJSON_CreateStringArray
                0x00003e34       0x36 .pio/build/lptm4c1294ncpdt/src/Drivers/W-Link/cJSON/cJSON.o
                0x00003e34                cJSON_CreateStringArray
 .text.cJSON_Duplicate
                0x00003e6a       0x74 .pio/build/lptm4c1294ncpdt/src/Drivers/W-Link/cJSON/cJSON.o
                0x00003e6a                cJSON_Duplicate
 .text.cJSON_Minify
                0x00003ede       0x92 .pio/build/lptm4c1294ncpdt/src/Drivers/W-Link/cJSON/cJSON.o
                0x00003ede                cJSON_Minify
 .text          0x00003f70        0x0 .pio/build/lptm4c1294ncpdt/src/Drivers/ethernetif/ethernetif_tm4c1294.o
 .text.low_level_output
                0x00003f70      0x11c .pio/build/lptm4c1294ncpdt/src/Drivers/ethernetif/ethernetif_tm4c1294.o
 .text.tivaif_initDMADescriptors
                0x0000408c       0xd4 .pio/build/lptm4c1294ncpdt/src/Drivers/ethernetif/ethernetif_tm4c1294.o
                0x0000408c                tivaif_initDMADescriptors
 .text.tivaif_process_phy_interrupt
                0x00004160       0x8c .pio/build/lptm4c1294ncpdt/src/Drivers/ethernetif/ethernetif_tm4c1294.o
                0x00004160                tivaif_process_phy_interrupt
 .text.ethernetif_input
                0x000041ec      0x1d8 .pio/build/lptm4c1294ncpdt/src/Drivers/ethernetif/ethernetif_tm4c1294.o
                0x000041ec                ethernetif_input
 .text.ethernetif_init
                0x000043c4      0x1dc .pio/build/lptm4c1294ncpdt/src/Drivers/ethernetif/ethernetif_tm4c1294.o
                0x000043c4                ethernetif_init
 .text.ethernetif_set_link
                0x000045a0       0x4c .pio/build/lptm4c1294ncpdt/src/Drivers/ethernetif/ethernetif_tm4c1294.o
                0x000045a0                ethernetif_set_link
 .text.ethernetif_notify_conn_changed
                0x000045ec        0x2 .pio/build/lptm4c1294ncpdt/src/Drivers/ethernetif/ethernetif_tm4c1294.o
 *fill*         0x000045ee        0x2 
 .text.ethernetif_update_config
                0x000045f0       0xa8 .pio/build/lptm4c1294ncpdt/src/Drivers/ethernetif/ethernetif_tm4c1294.o
                0x000045f0                ethernetif_update_config
 .text.ethernetif_is_init
                0x00004698       0x10 .pio/build/lptm4c1294ncpdt/src/Drivers/ethernetif/ethernetif_tm4c1294.o
                0x00004698                ethernetif_is_init
 .text.ethernetif_set_mac_addr
                0x000046a8       0x3c .pio/build/lptm4c1294ncpdt/src/Drivers/ethernetif/ethernetif_tm4c1294.o
                0x000046a8                ethernetif_set_mac_addr
 .text.sys_now  0x000046e4        0x4 .pio/build/lptm4c1294ncpdt/src/Drivers/ethernetif/ethernetif_tm4c1294.o
                0x000046e4                sys_now
 .text.ethernetif_get_tick
                0x000046e8        0x4 .pio/build/lptm4c1294ncpdt/src/Drivers/ethernetif/ethernetif_tm4c1294.o
                0x000046e8                ethernetif_get_tick
 .text.get_hardware_mac
                0x000046ec       0x38 .pio/build/lptm4c1294ncpdt/src/Drivers/ethernetif/ethernetif_tm4c1294.o
                0x000046ec                get_hardware_mac
 .text          0x00004724        0x0 .pio/build/lptm4c1294ncpdt/src/Drivers/soc/driverlib/adc.o
 .text._ADCIntNumberGet
                0x00004724       0x54 .pio/build/lptm4c1294ncpdt/src/Drivers/soc/driverlib/adc.o
 .text.ADCIntRegister
                0x00004778       0x1a .pio/build/lptm4c1294ncpdt/src/Drivers/soc/driverlib/adc.o
                0x00004778                ADCIntRegister
 .text.ADCIntUnregister
                0x00004792       0x16 .pio/build/lptm4c1294ncpdt/src/Drivers/soc/driverlib/adc.o
                0x00004792                ADCIntUnregister
 .text.ADCIntDisable
                0x000047a8       0x10 .pio/build/lptm4c1294ncpdt/src/Drivers/soc/driverlib/adc.o
                0x000047a8                ADCIntDisable
 .text.ADCIntEnable
                0x000047b8       0x10 .pio/build/lptm4c1294ncpdt/src/Drivers/soc/driverlib/adc.o
                0x000047b8                ADCIntEnable
 .text.ADCIntStatus
                0x000047c8       0x32 .pio/build/lptm4c1294ncpdt/src/Drivers/soc/driverlib/adc.o
                0x000047c8                ADCIntStatus
 .text.ADCIntClear
                0x000047fa        0xa .pio/build/lptm4c1294ncpdt/src/Drivers/soc/driverlib/adc.o
                0x000047fa                ADCIntClear
 .text.ADCSequenceEnable
                0x00004804        0xe .pio/build/lptm4c1294ncpdt/src/Drivers/soc/driverlib/adc.o
                0x00004804                ADCSequenceEnable
 .text.ADCSequenceDisable
                0x00004812       0x10 .pio/build/lptm4c1294ncpdt/src/Drivers/soc/driverlib/adc.o
                0x00004812                ADCSequenceDisable
 .text.ADCSequenceConfigure
                0x00004822       0x50 .pio/build/lptm4c1294ncpdt/src/Drivers/soc/driverlib/adc.o
                0x00004822                ADCSequenceConfigure
 .text.ADCSequenceStepConfigure
                0x00004872       0x78 .pio/build/lptm4c1294ncpdt/src/Drivers/soc/driverlib/adc.o
                0x00004872                ADCSequenceStepConfigure
 .text.ADCSequenceOverflow
                0x000048ea        0xa .pio/build/lptm4c1294ncpdt/src/Drivers/soc/driverlib/adc.o
                0x000048ea                ADCSequenceOverflow
 .text.ADCSequenceOverflowClear
                0x000048f4        0xa .pio/build/lptm4c1294ncpdt/src/Drivers/soc/driverlib/adc.o
                0x000048f4                ADCSequenceOverflowClear
 .text.ADCSequenceUnderflow
                0x000048fe        0xa .pio/build/lptm4c1294ncpdt/src/Drivers/soc/driverlib/adc.o
                0x000048fe                ADCSequenceUnderflow
 .text.ADCSequenceUnderflowClear
                0x00004908        0xa .pio/build/lptm4c1294ncpdt/src/Drivers/soc/driverlib/adc.o
                0x00004908                ADCSequenceUnderflowClear
 .text.ADCSequenceDataGet
                0x00004912       0x1e .pio/build/lptm4c1294ncpdt/src/Drivers/soc/driverlib/adc.o
                0x00004912                ADCSequenceDataGet
 .text.ADCProcessorTrigger
                0x00004930       0x1a .pio/build/lptm4c1294ncpdt/src/Drivers/soc/driverlib/adc.o
                0x00004930                ADCProcessorTrigger
 *fill*         0x0000494a        0x2 
 .text.ADCSoftwareOversampleConfigure
                0x0000494c       0x28 .pio/build/lptm4c1294ncpdt/src/Drivers/soc/driverlib/adc.o
                0x0000494c                ADCSoftwareOversampleConfigure
 .text.ADCSoftwareOversampleStepConfigure
                0x00004974       0x80 .pio/build/lptm4c1294ncpdt/src/Drivers/soc/driverlib/adc.o
                0x00004974                ADCSoftwareOversampleStepConfigure
 .text.ADCSoftwareOversampleDataGet
                0x000049f4       0x44 .pio/build/lptm4c1294ncpdt/src/Drivers/soc/driverlib/adc.o
                0x000049f4                ADCSoftwareOversampleDataGet
 .text.ADCHardwareOversampleConfigure
                0x00004a38       0x10 .pio/build/lptm4c1294ncpdt/src/Drivers/soc/driverlib/adc.o
                0x00004a38                ADCHardwareOversampleConfigure
 .text.ADCComparatorConfigure
                0x00004a48        0xa .pio/build/lptm4c1294ncpdt/src/Drivers/soc/driverlib/adc.o
                0x00004a48                ADCComparatorConfigure
 .text.ADCComparatorRegionSet
                0x00004a52        0xe .pio/build/lptm4c1294ncpdt/src/Drivers/soc/driverlib/adc.o
                0x00004a52                ADCComparatorRegionSet
 .text.ADCComparatorReset
                0x00004a60       0x1e .pio/build/lptm4c1294ncpdt/src/Drivers/soc/driverlib/adc.o
                0x00004a60                ADCComparatorReset
 .text.ADCComparatorIntDisable
                0x00004a7e       0x12 .pio/build/lptm4c1294ncpdt/src/Drivers/soc/driverlib/adc.o
                0x00004a7e                ADCComparatorIntDisable
 .text.ADCComparatorIntEnable
                0x00004a90       0x10 .pio/build/lptm4c1294ncpdt/src/Drivers/soc/driverlib/adc.o
                0x00004a90                ADCComparatorIntEnable
 .text.ADCComparatorIntStatus
                0x00004aa0        0x4 .pio/build/lptm4c1294ncpdt/src/Drivers/soc/driverlib/adc.o
                0x00004aa0                ADCComparatorIntStatus
 .text.ADCComparatorIntClear
                0x00004aa4        0x4 .pio/build/lptm4c1294ncpdt/src/Drivers/soc/driverlib/adc.o
                0x00004aa4                ADCComparatorIntClear
 .text.ADCIntDisableEx
                0x00004aa8        0xa .pio/build/lptm4c1294ncpdt/src/Drivers/soc/driverlib/adc.o
                0x00004aa8                ADCIntDisableEx
 .text.ADCIntEnableEx
                0x00004ab2        0x8 .pio/build/lptm4c1294ncpdt/src/Drivers/soc/driverlib/adc.o
                0x00004ab2                ADCIntEnableEx
 .text.ADCIntStatusEx
                0x00004aba       0x12 .pio/build/lptm4c1294ncpdt/src/Drivers/soc/driverlib/adc.o
                0x00004aba                ADCIntStatusEx
 .text.ADCIntClearEx
                0x00004acc        0x4 .pio/build/lptm4c1294ncpdt/src/Drivers/soc/driverlib/adc.o
                0x00004acc                ADCIntClearEx
 .text.ADCReferenceSet
                0x00004ad0        0xc .pio/build/lptm4c1294ncpdt/src/Drivers/soc/driverlib/adc.o
                0x00004ad0                ADCReferenceSet
 .text.ADCReferenceGet
                0x00004adc        0x8 .pio/build/lptm4c1294ncpdt/src/Drivers/soc/driverlib/adc.o
                0x00004adc                ADCReferenceGet
 .text.ADCPhaseDelaySet
                0x00004ae4        0x4 .pio/build/lptm4c1294ncpdt/src/Drivers/soc/driverlib/adc.o
                0x00004ae4                ADCPhaseDelaySet
 .text.ADCPhaseDelayGet
                0x00004ae8        0x4 .pio/build/lptm4c1294ncpdt/src/Drivers/soc/driverlib/adc.o
                0x00004ae8                ADCPhaseDelayGet
 .text.ADCSequenceDMAEnable
                0x00004aec       0x10 .pio/build/lptm4c1294ncpdt/src/Drivers/soc/driverlib/adc.o
                0x00004aec                ADCSequenceDMAEnable
 .text.ADCSequenceDMADisable
                0x00004afc       0x12 .pio/build/lptm4c1294ncpdt/src/Drivers/soc/driverlib/adc.o
                0x00004afc                ADCSequenceDMADisable
 .text.ADCBusy  0x00004b0e        0x8 .pio/build/lptm4c1294ncpdt/src/Drivers/soc/driverlib/adc.o
                0x00004b0e                ADCBusy
 .text.ADCClockConfigSet
                0x00004b16       0x18 .pio/build/lptm4c1294ncpdt/src/Drivers/soc/driverlib/adc.o
                0x00004b16                ADCClockConfigSet
 *fill*         0x00004b2e        0x2 
 .text.ADCClockConfigGet
                0x00004b30       0x28 .pio/build/lptm4c1294ncpdt/src/Drivers/soc/driverlib/adc.o
                0x00004b30                ADCClockConfigGet
 .text          0x00004b58        0x0 .pio/build/lptm4c1294ncpdt/src/Drivers/soc/driverlib/aes.o
 .text.AESReset
                0x00004b58       0x16 .pio/build/lptm4c1294ncpdt/src/Drivers/soc/driverlib/aes.o
                0x00004b58                AESReset
 .text.AESConfigSet
                0x00004b6e        0xe .pio/build/lptm4c1294ncpdt/src/Drivers/soc/driverlib/aes.o
                0x00004b6e                AESConfigSet
 .text.AESKey1Set
                0x00004b7c       0x2a .pio/build/lptm4c1294ncpdt/src/Drivers/soc/driverlib/aes.o
                0x00004b7c                AESKey1Set
 .text.AESKey2Set
                0x00004ba6       0x2a .pio/build/lptm4c1294ncpdt/src/Drivers/soc/driverlib/aes.o
                0x00004ba6                AESKey2Set
 .text.AESKey3Set
                0x00004bd0       0x12 .pio/build/lptm4c1294ncpdt/src/Drivers/soc/driverlib/aes.o
                0x00004bd0                AESKey3Set
 .text.AESIVSet
                0x00004be2       0x12 .pio/build/lptm4c1294ncpdt/src/Drivers/soc/driverlib/aes.o
                0x00004be2                AESIVSet
 .text.AESIVRead
                0x00004bf4       0x18 .pio/build/lptm4c1294ncpdt/src/Drivers/soc/driverlib/aes.o
                0x00004bf4                AESIVRead
 .text.AESTagRead
                0x00004c0c       0x18 .pio/build/lptm4c1294ncpdt/src/Drivers/soc/driverlib/aes.o
                0x00004c0c                AESTagRead
 .text.AESLengthSet
                0x00004c24        0x8 .pio/build/lptm4c1294ncpdt/src/Drivers/soc/driverlib/aes.o
                0x00004c24                AESLengthSet
 .text.AESAuthLengthSet
                0x00004c2c        0x4 .pio/build/lptm4c1294ncpdt/src/Drivers/soc/driverlib/aes.o
                0x00004c2c                AESAuthLengthSet
 .text.AESDataReadNonBlocking
                0x00004c30       0x20 .pio/build/lptm4c1294ncpdt/src/Drivers/soc/driverlib/aes.o
                0x00004c30                AESDataReadNonBlocking
 .text.AESDataRead
                0x00004c50       0x18 .pio/build/lptm4c1294ncpdt/src/Drivers/soc/driverlib/aes.o
                0x00004c50                AESDataRead
 .text.AESDataWriteNonBlocking
                0x00004c68       0x20 .pio/build/lptm4c1294ncpdt/src/Drivers/soc/driverlib/aes.o
                0x00004c68                AESDataWriteNonBlocking
 .text.AESDataWrite
                0x00004c88       0x18 .pio/build/lptm4c1294ncpdt/src/Drivers/soc/driverlib/aes.o
                0x00004c88                AESDataWrite
 .text.AESDataProcess
                0x00004ca0       0x40 .pio/build/lptm4c1294ncpdt/src/Drivers/soc/driverlib/aes.o
                0x00004ca0                AESDataProcess
 .text.AESDataAuth
                0x00004ce0       0x38 .pio/build/lptm4c1294ncpdt/src/Drivers/soc/driverlib/aes.o
                0x00004ce0                AESDataAuth
 .text.AESDataProcessAuth
                0x00004d18       0x60 .pio/build/lptm4c1294ncpdt/src/Drivers/soc/driverlib/aes.o
                0x00004d18                AESDataProcessAuth
 .text.AESIntStatus
                0x00004d78       0x4e .pio/build/lptm4c1294ncpdt/src/Drivers/soc/driverlib/aes.o
                0x00004d78                AESIntStatus
 .text.AESIntEnable
                0x00004dc6       0x32 .pio/build/lptm4c1294ncpdt/src/Drivers/soc/driverlib/aes.o
                0x00004dc6                AESIntEnable
 .text.AESIntDisable
                0x00004df8       0x36 .pio/build/lptm4c1294ncpdt/src/Drivers/soc/driverlib/aes.o
                0x00004df8                AESIntDisable
 .text.AESIntClear
                0x00004e2e       0x1e .pio/build/lptm4c1294ncpdt/src/Drivers/soc/driverlib/aes.o
                0x00004e2e                AESIntClear
 .text.AESIntRegister
                0x00004e4c       0x12 .pio/build/lptm4c1294ncpdt/src/Drivers/soc/driverlib/aes.o
                0x00004e4c                AESIntRegister
 .text.AESIntUnregister
                0x00004e5e       0x12 .pio/build/lptm4c1294ncpdt/src/Drivers/soc/driverlib/aes.o
                0x00004e5e                AESIntUnregister
 .text.AESDMAEnable
                0x00004e70        0xc .pio/build/lptm4c1294ncpdt/src/Drivers/soc/driverlib/aes.o
                0x00004e70                AESDMAEnable
 .text.AESDMADisable
                0x00004e7c        0xe .pio/build/lptm4c1294ncpdt/src/Drivers/soc/driverlib/aes.o
                0x00004e7c                AESDMADisable
 .text          0x00004e8a        0x0 .pio/build/lptm4c1294ncpdt/src/Drivers/soc/driverlib/can.o
 *fill*         0x00004e8a        0x2 
 .text._CANIntNumberGet
                0x00004e8c       0x64 .pio/build/lptm4c1294ncpdt/src/Drivers/soc/driverlib/can.o
 .text.CANInit  0x00004ef0       0x40 .pio/build/lptm4c1294ncpdt/src/Drivers/soc/driverlib/can.o
                0x00004ef0                CANInit
 .text.CANEnable
                0x00004f30        0xa .pio/build/lptm4c1294ncpdt/src/Drivers/soc/driverlib/can.o
                0x00004f30                CANEnable
 .text.CANDisable
                0x00004f3a        0xa .pio/build/lptm4c1294ncpdt/src/Drivers/soc/driverlib/can.o
                0x00004f3a                CANDisable
 .text.CANBitTimingGet
                0x00004f44       0x2e .pio/build/lptm4c1294ncpdt/src/Drivers/soc/driverlib/can.o
                0x00004f44                CANBitTimingGet
 *fill*         0x00004f72        0x2 
 .text.CANBitRateSet
                0x00004f74       0x60 .pio/build/lptm4c1294ncpdt/src/Drivers/soc/driverlib/can.o
                0x00004f74                CANBitRateSet
 .text.CANBitTimingSet
                0x00004fd4       0x52 .pio/build/lptm4c1294ncpdt/src/Drivers/soc/driverlib/can.o
                0x00004fd4                CANBitTimingSet
 .text.CANIntRegister
                0x00005026       0x1a .pio/build/lptm4c1294ncpdt/src/Drivers/soc/driverlib/can.o
                0x00005026                CANIntRegister
 .text.CANIntUnregister
                0x00005040       0x16 .pio/build/lptm4c1294ncpdt/src/Drivers/soc/driverlib/can.o
                0x00005040                CANIntUnregister
 .text.CANIntEnable
                0x00005056        0x8 .pio/build/lptm4c1294ncpdt/src/Drivers/soc/driverlib/can.o
                0x00005056                CANIntEnable
 .text.CANIntDisable
                0x0000505e        0xa .pio/build/lptm4c1294ncpdt/src/Drivers/soc/driverlib/can.o
                0x0000505e                CANIntDisable
 .text.CANIntStatus
                0x00005068       0x1e .pio/build/lptm4c1294ncpdt/src/Drivers/soc/driverlib/can.o
                0x00005068                CANIntStatus
 .text.CANIntClear
                0x00005086       0x26 .pio/build/lptm4c1294ncpdt/src/Drivers/soc/driverlib/can.o
                0x00005086                CANIntClear
 .text.CANRetrySet
                0x000050ac       0x12 .pio/build/lptm4c1294ncpdt/src/Drivers/soc/driverlib/can.o
                0x000050ac                CANRetrySet
 .text.CANRetryGet
                0x000050be        0xc .pio/build/lptm4c1294ncpdt/src/Drivers/soc/driverlib/can.o
                0x000050be                CANRetryGet
 .text.CANStatusGet
                0x000050ca       0x3e .pio/build/lptm4c1294ncpdt/src/Drivers/soc/driverlib/can.o
                0x000050ca                CANStatusGet
 .text.CANErrCntrGet
                0x00005108       0x12 .pio/build/lptm4c1294ncpdt/src/Drivers/soc/driverlib/can.o
                0x00005108                CANErrCntrGet
 .text.CANMessageSet
                0x0000511a      0x16a .pio/build/lptm4c1294ncpdt/src/Drivers/soc/driverlib/can.o
                0x0000511a                CANMessageSet
 .text.CANMessageGet
                0x00005284      0x160 .pio/build/lptm4c1294ncpdt/src/Drivers/soc/driverlib/can.o
                0x00005284                CANMessageGet
 .text.CANMessageClear
                0x000053e4       0x1a .pio/build/lptm4c1294ncpdt/src/Drivers/soc/driverlib/can.o
                0x000053e4                CANMessageClear
 .text          0x000053fe        0x0 .pio/build/lptm4c1294ncpdt/src/Drivers/soc/driverlib/comp.o
 .text.ComparatorConfigure
                0x000053fe        0x8 .pio/build/lptm4c1294ncpdt/src/Drivers/soc/driverlib/comp.o
                0x000053fe                ComparatorConfigure
 .text.ComparatorRefSet
                0x00005406        0x4 .pio/build/lptm4c1294ncpdt/src/Drivers/soc/driverlib/comp.o
                0x00005406                ComparatorRefSet
 .text.ComparatorValueGet
                0x0000540a        0xc .pio/build/lptm4c1294ncpdt/src/Drivers/soc/driverlib/comp.o
                0x0000540a                ComparatorValueGet
 .text.ComparatorIntRegister
                0x00005416       0x26 .pio/build/lptm4c1294ncpdt/src/Drivers/soc/driverlib/comp.o
                0x00005416                ComparatorIntRegister
 .text.ComparatorIntUnregister
                0x0000543c       0x22 .pio/build/lptm4c1294ncpdt/src/Drivers/soc/driverlib/comp.o
                0x0000543c                ComparatorIntUnregister
 .text.ComparatorIntEnable
                0x0000545e        0xe .pio/build/lptm4c1294ncpdt/src/Drivers/soc/driverlib/comp.o
                0x0000545e                ComparatorIntEnable
 .text.ComparatorIntDisable
                0x0000546c       0x10 .pio/build/lptm4c1294ncpdt/src/Drivers/soc/driverlib/comp.o
                0x0000546c                ComparatorIntDisable
 .text.ComparatorIntStatus
                0x0000547c       0x12 .pio/build/lptm4c1294ncpdt/src/Drivers/soc/driverlib/comp.o
                0x0000547c                ComparatorIntStatus
 .text.ComparatorIntClear
                0x0000548e        0xa .pio/build/lptm4c1294ncpdt/src/Drivers/soc/driverlib/comp.o
                0x0000548e                ComparatorIntClear
 .text          0x00005498        0x0 .pio/build/lptm4c1294ncpdt/src/Drivers/soc/driverlib/cpu.o
 .text.CPUcpsid
                0x00005498        0x8 .pio/build/lptm4c1294ncpdt/src/Drivers/soc/driverlib/cpu.o
                0x00005498                CPUcpsid
 .text.CPUprimask
                0x000054a0        0x6 .pio/build/lptm4c1294ncpdt/src/Drivers/soc/driverlib/cpu.o
                0x000054a0                CPUprimask
 .text.CPUcpsie
                0x000054a6        0x8 .pio/build/lptm4c1294ncpdt/src/Drivers/soc/driverlib/cpu.o
                0x000054a6                CPUcpsie
 .text.CPUwfi   0x000054ae        0x4 .pio/build/lptm4c1294ncpdt/src/Drivers/soc/driverlib/cpu.o
                0x000054ae                CPUwfi
 .text.CPUbasepriSet
                0x000054b2        0x6 .pio/build/lptm4c1294ncpdt/src/Drivers/soc/driverlib/cpu.o
                0x000054b2                CPUbasepriSet
 .text.CPUbasepriGet
                0x000054b8        0x6 .pio/build/lptm4c1294ncpdt/src/Drivers/soc/driverlib/cpu.o
                0x000054b8                CPUbasepriGet
 .text          0x000054be        0x0 .pio/build/lptm4c1294ncpdt/src/Drivers/soc/driverlib/crc.o
 .text.CRCConfigSet
                0x000054be        0x6 .pio/build/lptm4c1294ncpdt/src/Drivers/soc/driverlib/crc.o
                0x000054be                CRCConfigSet
 .text.CRCSeedSet
                0x000054c4        0x6 .pio/build/lptm4c1294ncpdt/src/Drivers/soc/driverlib/crc.o
                0x000054c4                CRCSeedSet
 .text.CRCDataWrite
                0x000054ca        0x6 .pio/build/lptm4c1294ncpdt/src/Drivers/soc/driverlib/crc.o
                0x000054ca                CRCDataWrite
 .text.CRCResultRead
                0x000054d0        0xe .pio/build/lptm4c1294ncpdt/src/Drivers/soc/driverlib/crc.o
                0x000054d0                CRCResultRead
 .text.CRCDataProcess
                0x000054de       0x34 .pio/build/lptm4c1294ncpdt/src/Drivers/soc/driverlib/crc.o
                0x000054de                CRCDataProcess
 .text          0x00005512        0x0 .pio/build/lptm4c1294ncpdt/src/Drivers/soc/driverlib/des.o
 .text.DESReset
                0x00005512       0x10 .pio/build/lptm4c1294ncpdt/src/Drivers/soc/driverlib/des.o
                0x00005512                DESReset
 .text.DESConfigSet
                0x00005522        0xc .pio/build/lptm4c1294ncpdt/src/Drivers/soc/driverlib/des.o
                0x00005522                DESConfigSet
 .text.DESKeySet
                0x0000552e       0x20 .pio/build/lptm4c1294ncpdt/src/Drivers/soc/driverlib/des.o
                0x0000552e                DESKeySet
 .text.DESIVSet
                0x0000554e       0x16 .pio/build/lptm4c1294ncpdt/src/Drivers/soc/driverlib/des.o
                0x0000554e                DESIVSet
 .text.DESLengthSet
                0x00005564        0x4 .pio/build/lptm4c1294ncpdt/src/Drivers/soc/driverlib/des.o
                0x00005564                DESLengthSet
 .text.DESDataReadNonBlocking
                0x00005568       0x20 .pio/build/lptm4c1294ncpdt/src/Drivers/soc/driverlib/des.o
                0x00005568                DESDataReadNonBlocking
 .text.DESDataRead
                0x00005588       0x1c .pio/build/lptm4c1294ncpdt/src/Drivers/soc/driverlib/des.o
                0x00005588                DESDataRead
 .text.DESDataWriteNonBlocking
                0x000055a4       0x20 .pio/build/lptm4c1294ncpdt/src/Drivers/soc/driverlib/des.o
                0x000055a4                DESDataWriteNonBlocking
 .text.DESDataWrite
                0x000055c4       0x1c .pio/build/lptm4c1294ncpdt/src/Drivers/soc/driverlib/des.o
                0x000055c4                DESDataWrite
 .text.DESDataProcess
                0x000055e0       0x46 .pio/build/lptm4c1294ncpdt/src/Drivers/soc/driverlib/des.o
                0x000055e0                DESDataProcess
 .text.DESIntStatus
                0x00005626       0x1c .pio/build/lptm4c1294ncpdt/src/Drivers/soc/driverlib/des.o
                0x00005626                DESIntStatus
 .text.DESIntEnable
                0x00005642       0x1e .pio/build/lptm4c1294ncpdt/src/Drivers/soc/driverlib/des.o
                0x00005642                DESIntEnable
 .text.DESIntDisable
                0x00005660       0x22 .pio/build/lptm4c1294ncpdt/src/Drivers/soc/driverlib/des.o
                0x00005660                DESIntDisable
 .text.DESIntClear
                0x00005682        0xe .pio/build/lptm4c1294ncpdt/src/Drivers/soc/driverlib/des.o
                0x00005682                DESIntClear
 .text.DESIntRegister
                0x00005690       0x12 .pio/build/lptm4c1294ncpdt/src/Drivers/soc/driverlib/des.o
                0x00005690                DESIntRegister
 .text.DESIntUnregister
                0x000056a2       0x12 .pio/build/lptm4c1294ncpdt/src/Drivers/soc/driverlib/des.o
                0x000056a2                DESIntUnregister
 .text.DESDMAEnable
                0x000056b4        0x8 .pio/build/lptm4c1294ncpdt/src/Drivers/soc/driverlib/des.o
                0x000056b4                DESDMAEnable
 .text.DESDMADisable
                0x000056bc        0xa .pio/build/lptm4c1294ncpdt/src/Drivers/soc/driverlib/des.o
                0x000056bc                DESDMADisable
 .text          0x000056c6        0x0 .pio/build/lptm4c1294ncpdt/src/Drivers/soc/driverlib/eeprom.o
 *fill*         0x000056c6        0x2 
 .text._EEPROMWaitForDone
                0x000056c8       0x10 .pio/build/lptm4c1294ncpdt/src/Drivers/soc/driverlib/eeprom.o
 .text._EEPROMSectorMaskSet
                0x000056d8       0x3c .pio/build/lptm4c1294ncpdt/src/Drivers/soc/driverlib/eeprom.o
 .text._EEPROMSectorMaskClear
                0x00005714       0x34 .pio/build/lptm4c1294ncpdt/src/Drivers/soc/driverlib/eeprom.o
 .text.EEPROMInit
                0x00005748       0x3c .pio/build/lptm4c1294ncpdt/src/Drivers/soc/driverlib/eeprom.o
                0x00005748                EEPROMInit
 .text.EEPROMSizeGet
                0x00005784       0x10 .pio/build/lptm4c1294ncpdt/src/Drivers/soc/driverlib/eeprom.o
                0x00005784                EEPROMSizeGet
 .text.EEPROMBlockCountGet
                0x00005794       0x10 .pio/build/lptm4c1294ncpdt/src/Drivers/soc/driverlib/eeprom.o
                0x00005794                EEPROMBlockCountGet
 .text.EEPROMRead
                0x000057a4       0x3c .pio/build/lptm4c1294ncpdt/src/Drivers/soc/driverlib/eeprom.o
                0x000057a4                EEPROMRead
 .text.EEPROMProgram
                0x000057e0       0xc4 .pio/build/lptm4c1294ncpdt/src/Drivers/soc/driverlib/eeprom.o
                0x000057e0                EEPROMProgram
 .text.EEPROMProgramNonBlocking
                0x000058a4       0x44 .pio/build/lptm4c1294ncpdt/src/Drivers/soc/driverlib/eeprom.o
                0x000058a4                EEPROMProgramNonBlocking
 .text.EEPROMMassErase
                0x000058e8       0x58 .pio/build/lptm4c1294ncpdt/src/Drivers/soc/driverlib/eeprom.o
                0x000058e8                EEPROMMassErase
 .text.EEPROMBlockProtectGet
                0x00005940        0xc .pio/build/lptm4c1294ncpdt/src/Drivers/soc/driverlib/eeprom.o
                0x00005940                EEPROMBlockProtectGet
 .text.EEPROMBlockProtectSet
                0x0000594c       0x1c .pio/build/lptm4c1294ncpdt/src/Drivers/soc/driverlib/eeprom.o
                0x0000594c                EEPROMBlockProtectSet
 .text.EEPROMBlockPasswordSet
                0x00005968       0x34 .pio/build/lptm4c1294ncpdt/src/Drivers/soc/driverlib/eeprom.o
                0x00005968                EEPROMBlockPasswordSet
 .text.EEPROMBlockLock
                0x0000599c       0x14 .pio/build/lptm4c1294ncpdt/src/Drivers/soc/driverlib/eeprom.o
                0x0000599c                EEPROMBlockLock
 .text.EEPROMBlockUnlock
                0x000059b0       0x30 .pio/build/lptm4c1294ncpdt/src/Drivers/soc/driverlib/eeprom.o
                0x000059b0                EEPROMBlockUnlock
 .text.EEPROMBlockHide
                0x000059e0       0x10 .pio/build/lptm4c1294ncpdt/src/Drivers/soc/driverlib/eeprom.o
                0x000059e0                EEPROMBlockHide
 .text.EEPROMIntEnable
                0x000059f0       0x20 .pio/build/lptm4c1294ncpdt/src/Drivers/soc/driverlib/eeprom.o
                0x000059f0                EEPROMIntEnable
 .text.EEPROMIntDisable
                0x00005a10       0x20 .pio/build/lptm4c1294ncpdt/src/Drivers/soc/driverlib/eeprom.o
                0x00005a10                EEPROMIntDisable
 .text.EEPROMIntStatus
                0x00005a30       0x24 .pio/build/lptm4c1294ncpdt/src/Drivers/soc/driverlib/eeprom.o
                0x00005a30                EEPROMIntStatus
 .text.EEPROMIntClear
                0x00005a54       0x30 .pio/build/lptm4c1294ncpdt/src/Drivers/soc/driverlib/eeprom.o
                0x00005a54                EEPROMIntClear
 .text.EEPROMStatusGet
                0x00005a84        0xc .pio/build/lptm4c1294ncpdt/src/Drivers/soc/driverlib/eeprom.o
                0x00005a84                EEPROMStatusGet
 .text          0x00005a90        0x0 .pio/build/lptm4c1294ncpdt/src/Drivers/soc/driverlib/emac.o
 .text.EMACInit
                0x00005a90       0x9c .pio/build/lptm4c1294ncpdt/src/Drivers/soc/driverlib/emac.o
                0x00005a90                EMACInit
 .text.EMACReset
                0x00005b2c       0x18 .pio/build/lptm4c1294ncpdt/src/Drivers/soc/driverlib/emac.o
                0x00005b2c                EMACReset
 .text.EMACPHYConfigSet
                0x00005b44       0x60 .pio/build/lptm4c1294ncpdt/src/Drivers/soc/driverlib/emac.o
                0x00005b44                EMACPHYConfigSet
 .text.EMACConfigSet
                0x00005ba4       0x30 .pio/build/lptm4c1294ncpdt/src/Drivers/soc/driverlib/emac.o
                0x00005ba4                EMACConfigSet
 .text.EMACConfigGet
                0x00005bd4       0x34 .pio/build/lptm4c1294ncpdt/src/Drivers/soc/driverlib/emac.o
                0x00005bd4                EMACConfigGet
 .text.EMACAddrSet
                0x00005c08       0x3a .pio/build/lptm4c1294ncpdt/src/Drivers/soc/driverlib/emac.o
                0x00005c08                EMACAddrSet
 .text.EMACAddrGet
                0x00005c42       0x28 .pio/build/lptm4c1294ncpdt/src/Drivers/soc/driverlib/emac.o
                0x00005c42                EMACAddrGet
 .text.EMACNumAddrGet
                0x00005c6a        0x4 .pio/build/lptm4c1294ncpdt/src/Drivers/soc/driverlib/emac.o
                0x00005c6a                EMACNumAddrGet
 .text.EMACAddrFilterSet
                0x00005c6e       0x1c .pio/build/lptm4c1294ncpdt/src/Drivers/soc/driverlib/emac.o
                0x00005c6e                EMACAddrFilterSet
 .text.EMACAddrFilterGet
                0x00005c8a        0xc .pio/build/lptm4c1294ncpdt/src/Drivers/soc/driverlib/emac.o
                0x00005c8a                EMACAddrFilterGet
 .text.EMACFrameFilterSet
                0x00005c96       0x18 .pio/build/lptm4c1294ncpdt/src/Drivers/soc/driverlib/emac.o
                0x00005c96                EMACFrameFilterSet
 *fill*         0x00005cae        0x2 
 .text.EMACFrameFilterGet
                0x00005cb0        0xc .pio/build/lptm4c1294ncpdt/src/Drivers/soc/driverlib/emac.o
                0x00005cb0                EMACFrameFilterGet
 .text.EMACHashFilterSet
                0x00005cbc        0x6 .pio/build/lptm4c1294ncpdt/src/Drivers/soc/driverlib/emac.o
                0x00005cbc                EMACHashFilterSet
 .text.EMACHashFilterGet
                0x00005cc2        0xa .pio/build/lptm4c1294ncpdt/src/Drivers/soc/driverlib/emac.o
                0x00005cc2                EMACHashFilterGet
 .text.EMACHashFilterBitCalculate
                0x00005ccc       0x26 .pio/build/lptm4c1294ncpdt/src/Drivers/soc/driverlib/emac.o
                0x00005ccc                EMACHashFilterBitCalculate
 .text.EMACRxWatchdogTimerSet
                0x00005cf2        0x6 .pio/build/lptm4c1294ncpdt/src/Drivers/soc/driverlib/emac.o
                0x00005cf2                EMACRxWatchdogTimerSet
 .text.EMACStatusGet
                0x00005cf8        0x4 .pio/build/lptm4c1294ncpdt/src/Drivers/soc/driverlib/emac.o
                0x00005cf8                EMACStatusGet
 .text.EMACTxDMAPollDemand
                0x00005cfc        0x8 .pio/build/lptm4c1294ncpdt/src/Drivers/soc/driverlib/emac.o
                0x00005cfc                EMACTxDMAPollDemand
 .text.EMACRxDMAPollDemand
                0x00005d04        0x8 .pio/build/lptm4c1294ncpdt/src/Drivers/soc/driverlib/emac.o
                0x00005d04                EMACRxDMAPollDemand
 .text.EMACRxDMADescriptorListSet
                0x00005d0c        0x6 .pio/build/lptm4c1294ncpdt/src/Drivers/soc/driverlib/emac.o
                0x00005d0c                EMACRxDMADescriptorListSet
 .text.EMACRxDMADescriptorListGet
                0x00005d12        0x6 .pio/build/lptm4c1294ncpdt/src/Drivers/soc/driverlib/emac.o
                0x00005d12                EMACRxDMADescriptorListGet
 .text.EMACRxDMACurrentDescriptorGet
                0x00005d18        0x6 .pio/build/lptm4c1294ncpdt/src/Drivers/soc/driverlib/emac.o
                0x00005d18                EMACRxDMACurrentDescriptorGet
 .text.EMACRxDMACurrentBufferGet
                0x00005d1e        0x6 .pio/build/lptm4c1294ncpdt/src/Drivers/soc/driverlib/emac.o
                0x00005d1e                EMACRxDMACurrentBufferGet
 .text.EMACTxDMADescriptorListSet
                0x00005d24        0x6 .pio/build/lptm4c1294ncpdt/src/Drivers/soc/driverlib/emac.o
                0x00005d24                EMACTxDMADescriptorListSet
 .text.EMACTxDMADescriptorListGet
                0x00005d2a        0x6 .pio/build/lptm4c1294ncpdt/src/Drivers/soc/driverlib/emac.o
                0x00005d2a                EMACTxDMADescriptorListGet
 .text.EMACTxDMACurrentDescriptorGet
                0x00005d30        0x6 .pio/build/lptm4c1294ncpdt/src/Drivers/soc/driverlib/emac.o
                0x00005d30                EMACTxDMACurrentDescriptorGet
 .text.EMACTxDMACurrentBufferGet
                0x00005d36        0x6 .pio/build/lptm4c1294ncpdt/src/Drivers/soc/driverlib/emac.o
                0x00005d36                EMACTxDMACurrentBufferGet
 .text.EMACDMAStateGet
                0x00005d3c       0x16 .pio/build/lptm4c1294ncpdt/src/Drivers/soc/driverlib/emac.o
                0x00005d3c                EMACDMAStateGet
 .text.EMACTxFlush
                0x00005d52       0x1e .pio/build/lptm4c1294ncpdt/src/Drivers/soc/driverlib/emac.o
                0x00005d52                EMACTxFlush
 .text.EMACTxEnable
                0x00005d70       0x16 .pio/build/lptm4c1294ncpdt/src/Drivers/soc/driverlib/emac.o
                0x00005d70                EMACTxEnable
 .text.EMACTxDisable
                0x00005d86       0x16 .pio/build/lptm4c1294ncpdt/src/Drivers/soc/driverlib/emac.o
                0x00005d86                EMACTxDisable
 .text.EMACRxEnable
                0x00005d9c       0x16 .pio/build/lptm4c1294ncpdt/src/Drivers/soc/driverlib/emac.o
                0x00005d9c                EMACRxEnable
 .text.EMACRxDisable
                0x00005db2       0x16 .pio/build/lptm4c1294ncpdt/src/Drivers/soc/driverlib/emac.o
                0x00005db2                EMACRxDisable
 .text.EMACIntRegister
                0x00005dc8       0x12 .pio/build/lptm4c1294ncpdt/src/Drivers/soc/driverlib/emac.o
                0x00005dc8                EMACIntRegister
 .text.EMACIntUnregister
                0x00005dda       0x12 .pio/build/lptm4c1294ncpdt/src/Drivers/soc/driverlib/emac.o
                0x00005dda                EMACIntUnregister
 .text.EMACIntEnable
                0x00005dec       0x3a .pio/build/lptm4c1294ncpdt/src/Drivers/soc/driverlib/emac.o
                0x00005dec                EMACIntEnable
 .text.EMACIntDisable
                0x00005e26       0x3a .pio/build/lptm4c1294ncpdt/src/Drivers/soc/driverlib/emac.o
                0x00005e26                EMACIntDisable
 .text.EMACIntStatus
                0x00005e60       0x30 .pio/build/lptm4c1294ncpdt/src/Drivers/soc/driverlib/emac.o
                0x00005e60                EMACIntStatus
 .text.EMACIntClear
                0x00005e90       0x34 .pio/build/lptm4c1294ncpdt/src/Drivers/soc/driverlib/emac.o
                0x00005e90                EMACIntClear
 .text.EMACPHYWrite
                0x00005ec4       0x2a .pio/build/lptm4c1294ncpdt/src/Drivers/soc/driverlib/emac.o
                0x00005ec4                EMACPHYWrite
 .text.EMACPHYRead
                0x00005eee       0x2c .pio/build/lptm4c1294ncpdt/src/Drivers/soc/driverlib/emac.o
                0x00005eee                EMACPHYRead
 *fill*         0x00005f1a        0x2 
 .text.EMACPHYExtendedRead
                0x00005f1c       0x40 .pio/build/lptm4c1294ncpdt/src/Drivers/soc/driverlib/emac.o
                0x00005f1c                EMACPHYExtendedRead
 .text.EMACPHYExtendedWrite
                0x00005f5c       0x44 .pio/build/lptm4c1294ncpdt/src/Drivers/soc/driverlib/emac.o
                0x00005f5c                EMACPHYExtendedWrite
 .text.EMACPHYPowerOff
                0x00005fa0       0x24 .pio/build/lptm4c1294ncpdt/src/Drivers/soc/driverlib/emac.o
                0x00005fa0                EMACPHYPowerOff
 .text.EMACPHYPowerOn
                0x00005fc4       0x24 .pio/build/lptm4c1294ncpdt/src/Drivers/soc/driverlib/emac.o
                0x00005fc4                EMACPHYPowerOn
 .text.EMACTimestampConfigSet
                0x00005fe8       0x18 .pio/build/lptm4c1294ncpdt/src/Drivers/soc/driverlib/emac.o
                0x00005fe8                EMACTimestampConfigSet
 .text.EMACTimestampConfigGet
                0x00006000        0xe .pio/build/lptm4c1294ncpdt/src/Drivers/soc/driverlib/emac.o
                0x00006000                EMACTimestampConfigGet
 .text.EMACTimestampEnable
                0x0000600e       0x22 .pio/build/lptm4c1294ncpdt/src/Drivers/soc/driverlib/emac.o
                0x0000600e                EMACTimestampEnable
 .text.EMACTimestampDisable
                0x00006030        0xe .pio/build/lptm4c1294ncpdt/src/Drivers/soc/driverlib/emac.o
                0x00006030                EMACTimestampDisable
 .text.EMACTimestampSysTimeSet
                0x0000603e       0x1e .pio/build/lptm4c1294ncpdt/src/Drivers/soc/driverlib/emac.o
                0x0000603e                EMACTimestampSysTimeSet
 .text.EMACTimestampSysTimeGet
                0x0000605c       0x18 .pio/build/lptm4c1294ncpdt/src/Drivers/soc/driverlib/emac.o
                0x0000605c                EMACTimestampSysTimeGet
 .text.EMACTimestampSysTimeUpdate
                0x00006074       0x2a .pio/build/lptm4c1294ncpdt/src/Drivers/soc/driverlib/emac.o
                0x00006074                EMACTimestampSysTimeUpdate
 .text.EMACTimestampAddendSet
                0x0000609e       0x1a .pio/build/lptm4c1294ncpdt/src/Drivers/soc/driverlib/emac.o
                0x0000609e                EMACTimestampAddendSet
 .text.EMACTimestampTargetSet
                0x000060b8       0x14 .pio/build/lptm4c1294ncpdt/src/Drivers/soc/driverlib/emac.o
                0x000060b8                EMACTimestampTargetSet
 .text.EMACTimestampTargetIntEnable
                0x000060cc        0xe .pio/build/lptm4c1294ncpdt/src/Drivers/soc/driverlib/emac.o
                0x000060cc                EMACTimestampTargetIntEnable
 .text.EMACTimestampTargetIntDisable
                0x000060da        0xe .pio/build/lptm4c1294ncpdt/src/Drivers/soc/driverlib/emac.o
                0x000060da                EMACTimestampTargetIntDisable
 .text.EMACTimestampIntStatus
                0x000060e8        0x6 .pio/build/lptm4c1294ncpdt/src/Drivers/soc/driverlib/emac.o
                0x000060e8                EMACTimestampIntStatus
 .text.EMACTimestampPPSSimpleModeSet
                0x000060ee       0x14 .pio/build/lptm4c1294ncpdt/src/Drivers/soc/driverlib/emac.o
                0x000060ee                EMACTimestampPPSSimpleModeSet
 .text.EMACTimestampPPSCommandModeSet
                0x00006102       0x12 .pio/build/lptm4c1294ncpdt/src/Drivers/soc/driverlib/emac.o
                0x00006102                EMACTimestampPPSCommandModeSet
 .text.EMACTimestampPPSCommand
                0x00006114       0x12 .pio/build/lptm4c1294ncpdt/src/Drivers/soc/driverlib/emac.o
                0x00006114                EMACTimestampPPSCommand
 .text.EMACTimestampPPSPeriodSet
                0x00006126        0xa .pio/build/lptm4c1294ncpdt/src/Drivers/soc/driverlib/emac.o
                0x00006126                EMACTimestampPPSPeriodSet
 .text.EMACVLANRxConfigSet
                0x00006130        0x6 .pio/build/lptm4c1294ncpdt/src/Drivers/soc/driverlib/emac.o
                0x00006130                EMACVLANRxConfigSet
 .text.EMACVLANRxConfigGet
                0x00006136        0xa .pio/build/lptm4c1294ncpdt/src/Drivers/soc/driverlib/emac.o
                0x00006136                EMACVLANRxConfigGet
 .text.EMACVLANTxConfigSet
                0x00006140        0x8 .pio/build/lptm4c1294ncpdt/src/Drivers/soc/driverlib/emac.o
                0x00006140                EMACVLANTxConfigSet
 .text.EMACVLANTxConfigGet
                0x00006148        0xc .pio/build/lptm4c1294ncpdt/src/Drivers/soc/driverlib/emac.o
                0x00006148                EMACVLANTxConfigGet
 .text.EMACVLANHashFilterBitCalculate
                0x00006154       0x2e .pio/build/lptm4c1294ncpdt/src/Drivers/soc/driverlib/emac.o
                0x00006154                EMACVLANHashFilterBitCalculate
 .text.EMACVLANHashFilterSet
                0x00006182        0x6 .pio/build/lptm4c1294ncpdt/src/Drivers/soc/driverlib/emac.o
                0x00006182                EMACVLANHashFilterSet
 .text.EMACVLANHashFilterGet
                0x00006188        0x6 .pio/build/lptm4c1294ncpdt/src/Drivers/soc/driverlib/emac.o
                0x00006188                EMACVLANHashFilterGet
 .text.EMACRemoteWakeUpFrameFilterSet
                0x0000618e       0x16 .pio/build/lptm4c1294ncpdt/src/Drivers/soc/driverlib/emac.o
                0x0000618e                EMACRemoteWakeUpFrameFilterSet
 .text.EMACRemoteWakeUpFrameFilterGet
                0x000061a4       0x16 .pio/build/lptm4c1294ncpdt/src/Drivers/soc/driverlib/emac.o
                0x000061a4                EMACRemoteWakeUpFrameFilterGet
 .text.EMACPowerManagementControlSet
                0x000061ba       0x10 .pio/build/lptm4c1294ncpdt/src/Drivers/soc/driverlib/emac.o
                0x000061ba                EMACPowerManagementControlSet
 .text.EMACPowerManagementControlGet
                0x000061ca        0xc .pio/build/lptm4c1294ncpdt/src/Drivers/soc/driverlib/emac.o
                0x000061ca                EMACPowerManagementControlGet
 .text.EMACPowerManagementStatusGet
                0x000061d6        0x8 .pio/build/lptm4c1294ncpdt/src/Drivers/soc/driverlib/emac.o
                0x000061d6                EMACPowerManagementStatusGet
 .text.EMACWoLEnter
                0x000061de       0x32 .pio/build/lptm4c1294ncpdt/src/Drivers/soc/driverlib/emac.o
                0x000061de                EMACWoLEnter
 .text.EMACLPIConfig
                0x00006210       0x20 .pio/build/lptm4c1294ncpdt/src/Drivers/soc/driverlib/emac.o
                0x00006210                EMACLPIConfig
 .text.EMACLPIEnter
                0x00006230        0xa .pio/build/lptm4c1294ncpdt/src/Drivers/soc/driverlib/emac.o
                0x00006230                EMACLPIEnter
 .text.EMACLPIStatus
                0x0000623a        0x6 .pio/build/lptm4c1294ncpdt/src/Drivers/soc/driverlib/emac.o
                0x0000623a                EMACLPIStatus
 .text.EMACLPILinkSet
                0x00006240        0xa .pio/build/lptm4c1294ncpdt/src/Drivers/soc/driverlib/emac.o
                0x00006240                EMACLPILinkSet
 .text.EMACLPILinkClear
                0x0000624a        0xa .pio/build/lptm4c1294ncpdt/src/Drivers/soc/driverlib/emac.o
                0x0000624a                EMACLPILinkClear
 .text.EMACPHYMMDWrite
                0x00006254       0x42 .pio/build/lptm4c1294ncpdt/src/Drivers/soc/driverlib/emac.o
                0x00006254                EMACPHYMMDWrite
 .text.EMACPHYMMDRead
                0x00006296       0x3c .pio/build/lptm4c1294ncpdt/src/Drivers/soc/driverlib/emac.o
                0x00006296                EMACPHYMMDRead
 .text          0x000062d2        0x0 .pio/build/lptm4c1294ncpdt/src/Drivers/soc/driverlib/epi.o
 .text.EPIWorkaroundWordWrite
                0x000062d2       0x12 .pio/build/lptm4c1294ncpdt/src/Drivers/soc/driverlib/epi.o
                0x000062d2                EPIWorkaroundWordWrite
 .text.EPIWorkaroundWordRead
                0x000062e4       0x16 .pio/build/lptm4c1294ncpdt/src/Drivers/soc/driverlib/epi.o
                0x000062e4                EPIWorkaroundWordRead
 .text.EPIWorkaroundHWordWrite
                0x000062fa       0x12 .pio/build/lptm4c1294ncpdt/src/Drivers/soc/driverlib/epi.o
                0x000062fa                EPIWorkaroundHWordWrite
 .text.EPIWorkaroundHWordRead
                0x0000630c        0xa .pio/build/lptm4c1294ncpdt/src/Drivers/soc/driverlib/epi.o
                0x0000630c                EPIWorkaroundHWordRead
 .text.EPIWorkaroundByteWrite
                0x00006316       0x12 .pio/build/lptm4c1294ncpdt/src/Drivers/soc/driverlib/epi.o
                0x00006316                EPIWorkaroundByteWrite
 .text.EPIWorkaroundByteRead
                0x00006328        0xa .pio/build/lptm4c1294ncpdt/src/Drivers/soc/driverlib/epi.o
                0x00006328                EPIWorkaroundByteRead
 .text.EPIModeSet
                0x00006332        0x4 .pio/build/lptm4c1294ncpdt/src/Drivers/soc/driverlib/epi.o
                0x00006332                EPIModeSet
 .text.EPIDividerSet
                0x00006336        0x4 .pio/build/lptm4c1294ncpdt/src/Drivers/soc/driverlib/epi.o
                0x00006336                EPIDividerSet
 .text.EPIDividerCSSet
                0x0000633a       0x3e .pio/build/lptm4c1294ncpdt/src/Drivers/soc/driverlib/epi.o
                0x0000633a                EPIDividerCSSet
 .text.EPIDMATxCount
                0x00006378        0x8 .pio/build/lptm4c1294ncpdt/src/Drivers/soc/driverlib/epi.o
                0x00006378                EPIDMATxCount
 .text.EPIConfigSDRAMSet
                0x00006380       0x10 .pio/build/lptm4c1294ncpdt/src/Drivers/soc/driverlib/epi.o
                0x00006380                EPIConfigSDRAMSet
 .text.EPIConfigHB8Set
                0x00006390       0x14 .pio/build/lptm4c1294ncpdt/src/Drivers/soc/driverlib/epi.o
                0x00006390                EPIConfigHB8Set
 .text.EPIConfigHB16Set
                0x000063a4       0x14 .pio/build/lptm4c1294ncpdt/src/Drivers/soc/driverlib/epi.o
                0x000063a4                EPIConfigHB16Set
 .text.EPIConfigHB8CSSet
                0x000063b8       0x1e .pio/build/lptm4c1294ncpdt/src/Drivers/soc/driverlib/epi.o
                0x000063b8                EPIConfigHB8CSSet
 .text.EPIConfigHB16CSSet
                0x000063d6       0x1e .pio/build/lptm4c1294ncpdt/src/Drivers/soc/driverlib/epi.o
                0x000063d6                EPIConfigHB16CSSet
 .text.EPIConfigHB8TimingSet
                0x000063f4        0xa .pio/build/lptm4c1294ncpdt/src/Drivers/soc/driverlib/epi.o
                0x000063f4                EPIConfigHB8TimingSet
 .text.EPIConfigHB16TimingSet
                0x000063fe        0xa .pio/build/lptm4c1294ncpdt/src/Drivers/soc/driverlib/epi.o
                0x000063fe                EPIConfigHB16TimingSet
 .text.EPIPSRAMConfigRegSet
                0x00006408       0x20 .pio/build/lptm4c1294ncpdt/src/Drivers/soc/driverlib/epi.o
                0x00006408                EPIPSRAMConfigRegSet
 .text.EPIPSRAMConfigRegRead
                0x00006428       0x18 .pio/build/lptm4c1294ncpdt/src/Drivers/soc/driverlib/epi.o
                0x00006428                EPIPSRAMConfigRegRead
 .text.EPIPSRAMConfigRegGetNonBlocking
                0x00006440       0x24 .pio/build/lptm4c1294ncpdt/src/Drivers/soc/driverlib/epi.o
                0x00006440                EPIPSRAMConfigRegGetNonBlocking
 .text.EPIPSRAMConfigRegGet
                0x00006464       0x1c .pio/build/lptm4c1294ncpdt/src/Drivers/soc/driverlib/epi.o
                0x00006464                EPIPSRAMConfigRegGet
 .text.EPIConfigGPModeSet
                0x00006480        0xc .pio/build/lptm4c1294ncpdt/src/Drivers/soc/driverlib/epi.o
                0x00006480                EPIConfigGPModeSet
 .text.EPIAddressMapSet
                0x0000648c        0x4 .pio/build/lptm4c1294ncpdt/src/Drivers/soc/driverlib/epi.o
                0x0000648c                EPIAddressMapSet
 .text.EPINonBlockingReadConfigure
                0x00006490        0xa .pio/build/lptm4c1294ncpdt/src/Drivers/soc/driverlib/epi.o
                0x00006490                EPINonBlockingReadConfigure
 .text.EPINonBlockingReadStart
                0x0000649a        0x8 .pio/build/lptm4c1294ncpdt/src/Drivers/soc/driverlib/epi.o
                0x0000649a                EPINonBlockingReadStart
 .text.EPINonBlockingReadStop
                0x000064a2        0xa .pio/build/lptm4c1294ncpdt/src/Drivers/soc/driverlib/epi.o
                0x000064a2                EPINonBlockingReadStop
 .text.EPINonBlockingReadCount
                0x000064ac        0x8 .pio/build/lptm4c1294ncpdt/src/Drivers/soc/driverlib/epi.o
                0x000064ac                EPINonBlockingReadCount
 .text.EPINonBlockingReadAvail
                0x000064b4        0x4 .pio/build/lptm4c1294ncpdt/src/Drivers/soc/driverlib/epi.o
                0x000064b4                EPINonBlockingReadAvail
 .text.EPINonBlockingReadGet32
                0x000064b8       0x1a .pio/build/lptm4c1294ncpdt/src/Drivers/soc/driverlib/epi.o
                0x000064b8                EPINonBlockingReadGet32
 .text.EPINonBlockingReadGet16
                0x000064d2       0x1a .pio/build/lptm4c1294ncpdt/src/Drivers/soc/driverlib/epi.o
                0x000064d2                EPINonBlockingReadGet16
 .text.EPINonBlockingReadGet8
                0x000064ec       0x18 .pio/build/lptm4c1294ncpdt/src/Drivers/soc/driverlib/epi.o
                0x000064ec                EPINonBlockingReadGet8
 .text.EPIFIFOConfig
                0x00006504        0x6 .pio/build/lptm4c1294ncpdt/src/Drivers/soc/driverlib/epi.o
                0x00006504                EPIFIFOConfig
 .text.EPIWriteFIFOCountGet
                0x0000650a        0x6 .pio/build/lptm4c1294ncpdt/src/Drivers/soc/driverlib/epi.o
                0x0000650a                EPIWriteFIFOCountGet
 .text.EPIIntEnable
                0x00006510        0xc .pio/build/lptm4c1294ncpdt/src/Drivers/soc/driverlib/epi.o
                0x00006510                EPIIntEnable
 .text.EPIIntDisable
                0x0000651c        0xe .pio/build/lptm4c1294ncpdt/src/Drivers/soc/driverlib/epi.o
                0x0000651c                EPIIntDisable
 .text.EPIIntStatus
                0x0000652a        0xe .pio/build/lptm4c1294ncpdt/src/Drivers/soc/driverlib/epi.o
                0x0000652a                EPIIntStatus
 .text.EPIIntErrorStatus
                0x00006538        0x6 .pio/build/lptm4c1294ncpdt/src/Drivers/soc/driverlib/epi.o
                0x00006538                EPIIntErrorStatus
 .text.EPIIntErrorClear
                0x0000653e        0x6 .pio/build/lptm4c1294ncpdt/src/Drivers/soc/driverlib/epi.o
                0x0000653e                EPIIntErrorClear
 .text.EPIIntRegister
                0x00006544       0x30 .pio/build/lptm4c1294ncpdt/src/Drivers/soc/driverlib/epi.o
                0x00006544                EPIIntRegister
 .text.EPIIntUnregister
                0x00006574       0x30 .pio/build/lptm4c1294ncpdt/src/Drivers/soc/driverlib/epi.o
                0x00006574                EPIIntUnregister
 .text          0x000065a4        0x0 .pio/build/lptm4c1294ncpdt/src/Drivers/soc/driverlib/flash.o
 .text.FlashErase
                0x000065a4       0x38 .pio/build/lptm4c1294ncpdt/src/Drivers/soc/driverlib/flash.o
                0x000065a4                FlashErase
 .text.FlashProgram
                0x000065dc       0x78 .pio/build/lptm4c1294ncpdt/src/Drivers/soc/driverlib/flash.o
                0x000065dc                FlashProgram
 .text.FlashProtectGet
                0x00006654       0x44 .pio/build/lptm4c1294ncpdt/src/Drivers/soc/driverlib/flash.o
                0x00006654                FlashProtectGet
 .text.FlashProtectSet
                0x00006698       0x70 .pio/build/lptm4c1294ncpdt/src/Drivers/soc/driverlib/flash.o
                0x00006698                FlashProtectSet
 .text.FlashProtectSave
                0x00006708       0x24 .pio/build/lptm4c1294ncpdt/src/Drivers/soc/driverlib/flash.o
                0x00006708                FlashProtectSave
 .text.FlashUserGet
                0x0000672c       0x18 .pio/build/lptm4c1294ncpdt/src/Drivers/soc/driverlib/flash.o
                0x0000672c                FlashUserGet
 .text.FlashUserSet
                0x00006744       0x10 .pio/build/lptm4c1294ncpdt/src/Drivers/soc/driverlib/flash.o
                0x00006744                FlashUserSet
 .text.FlashAllUserRegisterGet
                0x00006754       0x30 .pio/build/lptm4c1294ncpdt/src/Drivers/soc/driverlib/flash.o
                0x00006754                FlashAllUserRegisterGet
 .text.FlashAllUserRegisterSet
                0x00006784       0x28 .pio/build/lptm4c1294ncpdt/src/Drivers/soc/driverlib/flash.o
                0x00006784                FlashAllUserRegisterSet
 .text.FlashUserSave